{"version": 2, "width": 112, "height": 30, "timestamp": 1582018878, "env": {"SHELL": "/bin/bash", "TERM": "xterm-256color"}, "title": "bitscout-autotest"}
[0.037028, "o", "$ "]
[1.167811, "o", "l"]
[1.242785, "o", "s"]
[1.317579, "o", " "]
[1.452804, "o", "-"]
[1.587574, "o", "1"]
[2.12889, "o", "\r\n"]
[2.131869, "o", "automake.log\r\n\u001b[0m\u001b[01;32mautomake.sh\u001b[0m\r\nautotest.log\r\n"]
[2.132221, "o", "\u001b[01;32mautotest.sh\u001b[0m\r\nbitscout-18.04-amd64.iso\r\n\u001b[01;34mbuild.amd64\u001b[0m\r\n\u001b[01;32mclean.sh\u001b[0m\r\n\u001b[01;34mconfig\u001b[0m\r\nCOPYING\r\nDEVELOPERS\r\n\u001b[01;34mexports\u001b[0m\r\nREADME\r\n\u001b[01;34mresources\u001b[0m\r\n\u001b[01;34mscripts\u001b[0m\r\n"]
[2.133262, "o", "$ "]
[3.17808, "o", "."]
[3.237613, "o", "/"]
[3.537711, "o", "a"]
[3.732403, "o", "u"]
[3.912785, "o", "t"]
[4.032832, "o", "o"]
[4.272605, "o", "t"]
[4.377591, "o", "e"]
[4.632661, "o", "s"]
[4.768121, "o", "t"]
[5.052419, "o", ".sh "]
[7.768403, "o", "\r\n"]
[7.905045, "o", "autotest: Started new autotest                                   \r\n"]
[7.907182, "o", "Creating new local tmux session and starting qemu..\r\n"]
[7.908195, "o", "Using hardware virtualization support..\r\n"]
[7.912643, "o", "Started qemu in tmux session.\r\n"]
[7.913607, "o", "Waiting for qemu monitor socket..\r\n"]
[7.914485, "o", "Waiting for socket at ./bitscout.monitor.sock ..\r\n"]
[8.918873, "o", "Attaching to monitor socket..\r\n"]
[8.936073, "o", "Waiting for serial port socket..\r\n"]
[8.940559, "o", "Waiting for socket at ./bitscout.serial.sock ..\r\n"]
[9.94807, "o", "Attaching to serial port socket..\r\n"]
[10.065301, "o", "Initiating boot process..\r\n"]
[10.081144, "o", "To view the VM console use command:\r\n$ remote-viewer spice://localhost:2001\r\n"]
[10.085785, "o", "Attaching to tmux session..\r\n"]
[10.092595, "o", "\u001b[?1049h\u001b[22;0;0t\u001b[?1h\u001b=\u001b[H\u001b[2J\u001b[?12l\u001b[?25h\u001b[?1000l\u001b[?1002l\u001b[?1006l\u001b[?1005l\u001b[c\u001b(B\u001b[m\u001b[?12;25h\u001b[?12l\u001b[?25h\u001b[?1003l\u001b[?1006l\u001b[?2004l\u001b[1;1H\u001b[1;30r\u001b]112\u0007\u001b[9;25H"]
[10.094239, "o", "\u001b[?25l\u001b[6;1H───────────────────────\u001b[32m┬────────────────────────────────────────────────────────────────────────────────────────\u001b[7;24H│\u001b[8;24H│\u001b[9;24H│\u001b[10;24H│\u001b[11;24H│\u001b[12;24H│\u001b[13;24H│\u001b[14;24H│\u001b[15;24H│\u001b[16;24H│\u001b[17;24H│\u001b[18;24H│\u001b[19;24H│\u001b[20;24H│\u001b[21;24H│\u001b[22;24H│\u001b[23;24H│\u001b[24;24H│\u001b[25;24H│\u001b[26;24H│\u001b[27;24H│\u001b[28;24H│\u001b[29;24H│\u001b[H\u001b(B\u001b[mqemu-system-x86_64: -chardev socket,id=monitordev,server,path=./bitscout.monitor.sock: info: QEMU waiting for connection on: disconnected:unix:./bitscout.monitor.sock,server\u001b[K\r\nqemu-system-x86_64: -serial unix:./bitscout.serial.sock,server: info: QEMU waiting for connection on: disconnected:unix:./bitscout.serial.sock,server\u001b[K\r\n\u001b[K\u001b[2Bype 'help' for more inf\u001b[8;23H\u001b[1K\rormation\u001b[9;23H\u001b[1K\r(qemu)cont\u001b[10;23H"]
[10.094421, "o", "\u001b[1K\rcont\u001b[11;23H\u001b[1K\r(qemu)\u001b[12;23H\u001b[1K\n\u001b[1K\n\u001b[1K\n\u001b[1K\n\u001b[1K\n\u001b[1K\n\u001b[1K\n\u001b[1K\n\u001b[1K\n\u001b[1K\n\u001b[1K\n\u001b[1K\n\u001b[1K\n\u001b[1K\n\u001b[1K\n\u001b[1K\n\u001b[1K\n\u001b[1K\u001b[7;25HPlease let the system boot (timeout 120 sec)..\u001b[K\u001b[8;25H// spawn socat STDIO,echo=1 UNIX-CONNECT:./bitscout.serial.sock\u001b[K\u001b[9;25H\u001b[K\n\u001b[K\n\u001b[K\n\u001b[K\n\u001b[K\n\u001b[K\n\u001b[K\n\u001b[K\n\u001b[K\n\u001b[K\n\u001b[K\n\u001b[K\n\u001b[K\n\u001b[K\n\u001b[K\n\u001b[K\n\u001b[K\n\u001b[K\n\u001b[K\n\u001b[K\n\u001b[K\r\n\u001b[30m\u001b[42m[bitscout]0:qemu*                                                                         \"mypc\"                \u001b(B\u001b[m\u001b[9;25H\u001b[?12l\u001b[?25h\u001b(B\u001b[m\u001b[?12;25h\u001b[?12l\u001b[?25h\u001b[?1003l\u001b[?1006l\u001b[?2004l\u001b[1;1H\u001b[1;30r"]
[10.096379, "o", "\u001b[?25l\u001b[6;1H───────────────────────\u001b[32m┬────────────────────────────────────────────────────────────────────────────────────────\u001b[7;24H│\u001b[8;24H│\u001b[9;24H│\u001b[10;24H│\u001b[11;24H│\u001b[12;24H│\u001b[13;24H│\u001b[14;24H│\u001b[15;24H│\u001b[16;24H│\u001b[17;24H│\u001b[18;24H│\u001b[19;24H│\u001b[20;24H│\u001b[21;24H│\u001b[22;24H│\u001b[23;24H│\u001b[24;24H│\u001b[25;24H│\u001b[26;24H│\u001b[27;24H│\u001b[28;24H│\u001b[29;24H│\u001b[H\u001b(B\u001b[mqemu-system-x86_64: -chardev socket,id=monitordev,server,path=./bitscout.monitor.sock: info: QEMU waiting for connection on: disconnected:unix:./bitscout.monitor.sock,server\u001b[K\r\nqemu-system-x86_64: -serial unix:./bitscout.serial.sock,server: info: QEMU waiting for connection on: disconnected:unix:./bitscout.serial.sock,server\u001b[K\r\n\u001b[K\u001b[2Bype 'help' for more inf\u001b[8;23H\u001b[1K\rormation\u001b[9;23H\u001b[1K\r(qemu)cont\u001b[10;23H"]
[10.097317, "o", "\u001b[1K\rcont\u001b[11;23H\u001b[1K\r(qemu)\u001b[12;23H\u001b[1K\n\u001b[1K\n\u001b[1K\n\u001b[1K\n\u001b[1K\n\u001b[1K\n\u001b[1K\n\u001b[1K\n\u001b[1K\n\u001b[1K\n\u001b[1K\n\u001b[1K\n\u001b[1K\n\u001b[1K\n\u001b[1K\n\u001b[1K\n\u001b[1K\n\u001b[1K\u001b[7;25HPlease let the system boot (timeout 120 sec)..\u001b[K\u001b[8;25H// spawn socat STDIO,echo=1 UNIX-CONNECT:./bitscout.serial.sock\u001b[K\u001b[9;25H\u001b[K\n\u001b[K\n\u001b[K\n\u001b[K\n\u001b[K\n\u001b[K\n\u001b[K\n\u001b[K\n\u001b[K\n\u001b[K\n\u001b[K\n\u001b[K\n\u001b[K\n\u001b[K\n\u001b[K\n\u001b[K\n\u001b[K\n\u001b[K\n\u001b[K\n\u001b[K\n\u001b[K\r\n\u001b[30m\u001b[42m[bitscout]0:qemu*                                                                         \"mypc\"                \u001b(B\u001b[m\u001b[9;25H\u001b[?12l\u001b[?25h"]
[19.375208, "o", "[   "]
[19.375411, "o", " 0.000000] Linux version "]
[19.375676, "o", "4.15.0-88-generic"]
[19.376054, "o", " (buildd@lgw01-amd64-036) (gcc versi"]
[19.376393, "o", "on 7.4\u001b[10;25H.0 (Ubuntu 7.4.0-1ubuntu1~"]
[19.376534, "o", "18.0"]
[19.376563, "o", "4.1)) #8"]
[19.376925, "o", "8-Ubuntu SMP Tue"]
[19.377147, "o", " Feb 11 20:11:34 UTC 2020 (Ubuntu \u001b[10;112H"]
[19.37722, "o", "\u001b[11;25H4.15"]
[19.377302, "o", ".0-88.8"]
[19.377376, "o", "8-gen"]
[19.377486, "o", "eric 4"]
[19.377541, "o", ".15.18)\u001b[12;25H"]
[19.377642, "o", "[    "]
[19.377727, "o", "0.000000"]
[19.377859, "o", "] C"]
[19.377946, "o", "ommand lin"]
[19.378013, "o", "e:"]
[19.378145, "o", " BOOT_IMAG"]
[19.378216, "o", "E=/casper/"]
[19.378296, "o", "vml"]
[19.378378, "o", "inuz boo"]
[19.378442, "o", "t=caspe"]
[19.378529, "o", "r ne"]
[19.378658, "o", "t.i"]
[19.378766, "o", "fna"]
[19.378789, "o", "m"]
[19.378804, "o", "e"]
[19.379021, "o", "s=0 biosde\u001b[13;25Hv"]
[19.379079, "o", "name=0"]
[19.379231, "o", " hostname=b"]
[19.379314, "o", "itscou"]
[19.379415, "o", "t-host "]
[19.379551, "o", "username="]
[19.379675, "o", "user ini"]
[19.37995, "o", "trd=/casper/initrd.g"]
[19.380092, "o", "z noeject"]
[19.380174, "o", " nopr"]
[19.380306, "o", "ompt c\u001b[14;25Honso"]
[19.380555, "o", "le=tty0 console=ttyS0"]
[19.380662, "o", ",1152"]
[19.380744, "o", "00"]
[19.380809, "o", " vga=791"]
[19.380904, "o", " --\u001b[15;25H["]
[19.381023, "o", "    0.000"]
[19.381095, "o", "000] "]
[19.381396, "o", "KERNEL supported "]
[19.381653, "o", "cpus:\u001b[16;25H[    0.000000]"]
[19.382171, "o", "   Intel GenuineInte"]
[19.382365, "o", "l\u001b[17;25H[    0.000000]   AMD Auth"]
[19.382532, "o", "enticAMD"]
[19.382639, "o", "\u001b[18;25H[   "]
[19.382695, "o", " 0.000000"]
[19.382823, "o", "]   Centaur"]
[19.38289, "o", " Ce"]
[19.383009, "o", "ntaurHauls\u001b[19;25H"]
[19.383074, "o", "["]
[19.383214, "o", "    0.000000] "]
[19.383405, "o", "x86/fpu: S"]
[19.383555, "o", "upporting XS"]
[19.383634, "o", "AVE fea"]
[19.383775, "o", "ture 0x001: "]
[19.383831, "o", "'x87 "]
[19.383944, "o", "floa"]
[19.384034, "o", "t"]
[19.384109, "o", "ing"]
[19.384147, "o", " point "]
[19.384262, "o", "registers"]
[19.384314, "o", "'"]
[19.384439, "o", "\u001b[20;25H[    0.00"]
[19.384494, "o", "0000"]
[19.38455, "o", "]"]
[19.384657, "o", " x86/fpu: Sup"]
[19.384802, "o", "porting XS"]
[19.384931, "o", "AVE featur"]
[19.384953, "o", "e 0x"]
[19.385025, "o", "002:"]
[19.385059, "o", " 'S"]
[19.385144, "o", "SE"]
[19.385181, "o", " registe"]
[19.38525, "o", "rs"]
[19.385707, "o", "'\u001b[25G\n[    0.000000] x86/fpu: Supporting X"]
[19.385764, "o", "SAVE"]
[19.385786, "o", " f"]
[19.38588, "o", "eature 0"]
[19.385915, "o", "x004"]
[19.386, "o", ": 'AVX "]
[19.38616, "o", "regi"]
[19.386406, "o", "sters'\u001b[22;25H"]
[19.386431, "o", "[    0.000000] x86/fp"]
[19.386489, "o", "u: S"]
[19.386628, "o", "upporting XS"]
[19.386714, "o", "AVE f"]
[19.386762, "o", "ea"]
[19.386875, "o", "ture 0"]
[19.386941, "o", "x008: 'MPX bo"]
[19.389604, "o", "unds registers'\u001b[23;25H[    0.000000] x86/fpu: Supporting XSAVE feature 0x010: 'MPX CSR'\u001b[24;25H[    0.000000] x86/fpu: xstate_offset[2]:  576, xstate_sizes[2]:  256\u001b[25;25H[    0.000000] x86/fpu: xstate_offset[3]:  832, xstate_sizes[3]:   64\u001b[26;25H[    0.000000] x86/fpu: xstate_offset[4]:  896, xstate"]
[19.38965, "o", "_sizes"]
[19.389819, "o", "[4]:   64\u001b[27;25H"]
[19.38992, "o", "[    "]
[19.39002, "o", "0.000000"]
[19.390152, "o", "] x86/fp"]
[19.390255, "o", "u: Enab"]
[19.390357, "o", "led xstat"]
[19.390454, "o", "e featu"]
[19.390554, "o", "res 0x1"]
[19.390659, "o", "f, conte"]
[19.390763, "o", "xt size "]
[19.390866, "o", "is 960 "]
[19.390968, "o", "bytes, us"]
[19.391069, "o", "ing '\u001b[28;25Hco"]
[19.39117, "o", "mpacted'"]
[19.391267, "o", " format"]
[19.391371, "o", ".\u001b[29;25H[  "]
[19.391476, "o", "  0.0000"]
[19.391579, "o", "00] e820"]
[19.39168, "o", ": BIOS-"]
[19.391781, "o", "provided"]
[19.391884, "o", " physic"]
[19.392064, "o", "\u001b[?25l\u001b[7;25H// spawn socat STDIO,echo=1 UNIX-CONNECT:./bitscout.serial.sock\u001b[K\u001b[8;25H[    0.000000] Linux version 4.15.0-88-generic (buildd@lgw01-amd64-036) (gcc version 7.4\u001b[9;25H.0 (Ubuntu 7.4.0-1ubuntu1~18.04.1)) #88-Ubuntu SMP Tue Feb 11 20:11:34 UTC 2020 (Ubuntu\u001b[K\u001b[10;25H4.15.0-88.88-generic 4.15.18)\u001b[K\u001b[11;25H[    0.000000] Command line: BOOT_IMAGE=/casper/vmlinuz boot=casper net.ifnames=0 biosde\u001b[12;25Hvname=0 hostname=bitscout-host username=user initrd=/casper/initrd.gz noeject noprompt c\u001b[13;25Honsole=tty0 console=ttyS0,115200 vga=791 --\u001b[K\u001b[14;25H[    0.000000] KERNEL supported cpus:\u001b[K\u001b[15;25H[    0.000000]   Intel GenuineIntel\u001b[K\u001b[16;25H[    0.000000]   AMD AuthenticAMD\u001b[K\u001b[17;25H[    0.000000]   Centaur CentaurHauls\u001b[K\u001b[18;25H[    0.000000] x86/fpu: Supporting XSAVE feature 0x001: 'x87 floating point registers'\u001b[K\u001b[19;25H[    0.000000] x86/fpu: Supporting XSAVE feature 0x002: 'SSE registers'\u001b[K\u001b[20;25H[    0.000000] x86/fpu: Supporting XSAVE feature 0x004: 'AVX registers'\u001b[K\u001b[21;25H[    0.00000"]
[19.392104, "o", "0] x86/fpu: Supporting XSAVE feature 0x008: 'MPX bounds registers'\u001b[K\u001b[22;25H[    0.000000] x86/fpu: Supporting XSAVE feature 0x010: 'MPX CSR'\u001b[K\u001b[23;25H[    0.000000] x86/fpu: xstate_offset[2]:  576, xstate_sizes[2]:  256\u001b[K\u001b[24;25H[    0.000000] x86/fpu: xstate_offset[3]:  832, xstate_sizes[3]:   64\u001b[K\u001b[25;25H[    0.000000] x86/fpu: xstate_offset[4]:  896, xstate_sizes[4]:   64\u001b[K\u001b[26;25H[    0.000000] x86/fpu: Enabled xstate features 0x1f, context size is 960 bytes, using '\u001b[27;25Hcompacted' format.\u001b[K\u001b[28;25H[    0.000000] e820: BIOS-provided physical RAM map:\u001b[K\u001b[29;25H\u001b[K\u001b[?12l\u001b[?25h"]
[19.392218, "o", "[    0.000000]"]
[19.39237, "o", " BIOS-e820: [me"]
[19.392512, "o", "m 0x00000000"]
[19.392652, "o", "00000000-0x0"]
[19.392794, "o", "00000000009"]
[19.392933, "o", "fbff] usa"]
[19.39306, "o", "\u001b[?25l\u001b[7;25H[    0.000000] Linux version 4.15.0-88-generic (buildd@lgw01-amd64-036) (gcc version 7.4\u001b[8;25H.0 (Ubuntu 7.4.0-1ubuntu1~18.04.1)) #88-Ubuntu SMP Tue Feb 11 20:11:34 UTC 2020 (Ubuntu\u001b[K\u001b[9;25H4.15.0-88.88-generic 4.15.18)\u001b[K\u001b[10;25H[    0.000000] Command line: BOOT_IMAGE=/casper/vmlinuz boot=casper net.ifnames=0 biosde\u001b[11;25Hvname=0 hostname=bitscout-host username=user initrd=/casper/initrd.gz noeject noprompt c\u001b[12;25Honsole=tty0 console=ttyS0,115200 vga=791 --\u001b[K\u001b[13;25H[    0.000000] KERNEL supported cpus:\u001b[K\u001b[14;25H[    0.000000]   Intel GenuineIntel\u001b[K\u001b[15;25H[    0.000000]   AMD AuthenticAMD\u001b[K\u001b[16;25H[    0.000000]   Centaur CentaurHauls\u001b[K\u001b[17;25H[    0.000000] x86/fpu: Supporting XSAVE feature 0x001: 'x87 floating point registers'\u001b[K\u001b[18;25H[    0.000000] x86/fpu: Supporting XSAVE feature 0x002: 'SSE registers'\u001b[K\u001b[19;25H[    0.000000] x86/fpu: Supporting XSAVE feature 0x004: 'AVX registers'\u001b[K\u001b[20;25H[    0.000000] x86/fpu: Supporting XSAVE feature 0x008: 'MPX bounds registers'\u001b[K\u001b[21;"]
[19.393127, "o", "25H[    0.000000] x86/fpu: Supporting XSAVE feature 0x010: 'MPX CSR'\u001b[K\u001b[22;25H[    0.000000] x86/fpu: xstate_offset[2]:  576, xstate_sizes[2]:  256\u001b[K\u001b[23;25H[    0.000000] x86/fpu: xstate_offset[3]:  832, xstate_sizes[3]:   64\u001b[K\u001b[24;25H[    0.000000] x86/fpu: xstate_offset[4]:  896, xstate_sizes[4]:   64\u001b[K\u001b[25;25H[    0.000000] x86/fpu: Enabled xstate features 0x1f, context size is 960 bytes, using '\u001b[26;25Hcompacted' format.\u001b[K\u001b[27;25H[    0.000000] e820: BIOS-provided physical RAM map:\u001b[K\u001b[28;25H[    0.000000] BIOS-e820: [mem 0x0000000000000000-0x000000000009fbff] usable\u001b[K\u001b[29;25H\u001b[K\u001b[?12l\u001b[?25h"]
[19.394224, "o", "\u001b[?25l\u001b[7d.0 (Ubuntu 7.4.0-1ubuntu1~18.04.1)) #88-Ubuntu SMP Tue Feb 11 20:11:34 UTC 2020 (Ubuntu\u001b[K\u001b[8;25H4.15.0-88.88-generic 4.15.18)\u001b[K\u001b[9;25H[    0.000000] Command line: BOOT_IMAGE=/casper/vmlinuz boot=casper net.ifnames=0 biosde\u001b[10;25Hvname=0 hostname=bitscout-host username=user initrd=/casper/initrd.gz noeject noprompt c\u001b[11;25Honsole=tty0 console=ttyS0,115200 vga=791 --\u001b[K\u001b[12;25H[    0.000000] KERNEL supported cpus:\u001b[K\u001b[13;25H[    0.000000]   Intel GenuineIntel\u001b[K\u001b[14;25H[    0.000000]   AMD AuthenticAMD\u001b[K\u001b[15;25H[    0.000000]   Centaur CentaurHauls\u001b[K\u001b[16;25H[    0.000000] x86/fpu: Supporting XSAVE feature 0x001: 'x87 floating point registers'\u001b[K\u001b[17;25H[    0.000000] x86/fpu: Supporting XSAVE feature 0x002: 'SSE registers'\u001b[K\u001b[18;25H[    0.000000] x86/fpu: Supporting XSAVE feature 0x004: 'AVX registers'\u001b[K\u001b[19;25H[    0.000000] x86/fpu: Supporting XSAVE feature 0x008: 'MPX bounds registers'\u001b[K\u001b[20;25H[    0.000000] x86/fpu: Supporting XSAVE feature 0x010: 'MPX CSR'\u001b[K\u001b[21;25H[    0.000000] x86/f"]
[19.394311, "o", "pu: xstate_offset[2]:  576, xstate_sizes[2]:  256\u001b[K\u001b[22;25H[    0.000000] x86/fpu: xstate_offset[3]:  832, xstate_sizes[3]:   64\u001b[K\u001b[23;25H[    0.000000] x86/fpu: xstate_offset[4]:  896, xstate_sizes[4]:   64\u001b[K\u001b[24;25H[    0.000000] x86/fpu: Enabled xstate features 0x1f, context size is 960 bytes, using '\u001b[25;25Hcompacted' format.\u001b[K\u001b[26;25H[    0.000000] e820: BIOS-provided physical RAM map:\u001b[K\u001b[27;25H[    0.000000] BIOS-e820: [mem 0x0000000000000000-0x000000000009fbff] usable\u001b[K\u001b[28;25H[    0.000000] BIOS-e820: [mem 0x000000000009fc00-0x000000000009ffff] reserved\u001b[K\u001b[29;25H[    0.000000] BIOS-e820: [mem 0x00000\u001b[K\u001b[?12l\u001b[?25h00"]
[19.394545, "o", "0000f0000-"]
[19.394653, "o", "0x00000000000fffff] rese"]
[19.394823, "o", "\u001b[?25l\u001b[7;25H4.15.0-88.88-generic 4.15.18)\u001b[K\u001b[8;25H[    0.000000] Command line: BOOT_IMAGE=/casper/vmlinuz boot=casper net.ifnames=0 biosde\u001b[9;25Hvname=0 hostname=bitscout-host username=user initrd=/casper/initrd.gz noeject noprompt c\u001b[10;25Honsole=tty0 console=ttyS0,115200 vga=791 --\u001b[K\u001b[11;25H[    0.000000] KERNEL supported cpus:\u001b[K\u001b[12;25H[    0.000000]   Intel GenuineIntel\u001b[K\u001b[13;25H[    0.000000]   AMD AuthenticAMD\u001b[K\u001b[14;25H[    0.000000]   Centaur CentaurHauls\u001b[K\u001b[15;25H[    0.000000] x86/fpu: Supporting XSAVE feature 0x001: 'x87 floating point registers'\u001b[K\u001b[16;25H[    0.000000] x86/fpu: Supporting XSAVE feature 0x002: 'SSE registers'\u001b[K\u001b[17;25H[    0.000000] x86/fpu: Supporting XSAVE feature 0x004: 'AVX registers'\u001b[K\u001b[18;25H[    0.000000] x86/fpu: Supporting XSAVE feature 0x008: 'MPX bounds registers'\u001b[K\u001b[19;25H[    0.000000] x86/fpu: Supporting XSAVE feature 0x010: 'MPX CSR'\u001b[K\u001b[20;25H[    0.000000] x86/fpu: xstate_offset[2]:  576, xstate_sizes[2]:  256\u001b[K\u001b[21;25H[    0.000000] x86/fpu: xstate_offs"]
[19.394849, "o", "et[3]:  832, xstate_sizes[3]:   64\u001b[K\u001b[22;25H[    0.000000] x86/fpu: xstate_offset[4]:  896, xstate_sizes[4]:   64\u001b[K\u001b[23;25H[    0.000000] x86/fpu: Enabled xstate features 0x1f, context size is 960 bytes, using '\u001b[24;25Hcompacted' format.\u001b[K\u001b[25;25H[    0.000000] e820: BIOS-provided physical RAM map:\u001b[K\u001b[26;25H[    0.000000] BIOS-e820: [mem 0x0000000000000000-0x000000000009fbff] usable\u001b[K\u001b[27;25H[    0.000000] BIOS-e820: [mem 0x000000000009fc00-0x000000000009ffff] reserved\u001b[K\u001b[28;25H[    0.000000] BIOS-e820: [mem 0x00000000000f0000-0x00000000000fffff] reserved\u001b[K\u001b[29;25H[\u001b[K\u001b[3C\u001b[?12l\u001b[?25h "]
[19.394935, "o", "0.000000] "]
[19.395046, "o", "BIOS-e82"]
[19.39514, "o", "0: [mem"]
[19.395236, "o", " 0x00000"]
[19.395331, "o", "0000010"]
[19.395427, "o", "0000-0x0"]
[19.395518, "o", "0000000"]
[19.395612, "o", "3ffdfff"]
[19.395718, "o", "f] usable\u001b[25G"]
[19.395867, "o", "\u001b[?25l\u001b[7d[    0.000000] Command line: BOOT_IMAGE=/casper/vmlinuz boot=casper net.ifnames=0 biosde\u001b[8;25Hvname=0 hostname=bitscout-host username=user initrd=/casper/initrd.gz noeject noprompt c\u001b[9;25Honsole=tty0 console=ttyS0,115200 vga=791 --\u001b[K\u001b[10;25H[    0.000000] KERNEL supported cpus:\u001b[K\u001b[11;25H[    0.000000]   Intel GenuineIntel\u001b[K\u001b[12;25H[    0.000000]   AMD AuthenticAMD\u001b[K\u001b[13;25H[    0.000000]   Centaur CentaurHauls\u001b[K\u001b[14;25H[    0.000000] x86/fpu: Supporting XSAVE feature 0x001: 'x87 floating point registers'\u001b[K\u001b[15;25H[    0.000000] x86/fpu: Supporting XSAVE feature 0x002: 'SSE registers'\u001b[K\u001b[16;25H[    0.000000] x86/fpu: Supporting XSAVE feature 0x004: 'AVX registers'\u001b[K\u001b[17;25H[    0.000000] x86/fpu: Supporting XSAVE feature 0x008: 'MPX bounds registers'\u001b[K\u001b[18;25H[    0.000000] x86/fpu: Supporting XSAVE feature 0x010: 'MPX CSR'\u001b[K\u001b[19;25H[    0.000000] x86/fpu: xstate_offset[2]:  576, xstate_sizes[2]:  256\u001b[K\u001b[20;25H[    0.000000] x86/fpu: xstate_offset[3]:  832, xstate_sizes[3]:   64\u001b[K\u001b[21;2"]
[19.395917, "o", "5H[    0.000000] x86/fpu: xstate_offset[4]:  896, xstate_sizes[4]:   64\u001b[K\u001b[22;25H[    0.000000] x86/fpu: Enabled xstate features 0x1f, context size is 960 bytes, using '\u001b[23;25Hcompacted' format.\u001b[K\u001b[24;25H[    0.000000] e820: BIOS-provided physical RAM map:\u001b[K\u001b[25;25H[    0.000000] BIOS-e820: [mem 0x0000000000000000-0x000000000009fbff] usable\u001b[K\u001b[26;25H[    0.000000] BIOS-e820: [mem 0x000000000009fc00-0x000000000009ffff] reserved\u001b[K\u001b[27;25H[    0.000000] BIOS-e820: [mem 0x00000000000f0000-0x00000000000fffff] reserved\u001b[K\u001b[28;25H[    0.000000] BIOS-e820: [mem 0x0000000000100000-0x000000003ffdffff] usable\u001b[K\u001b[29;25H\u001b[K\u001b[?12l\u001b[?25h"]
[19.398271, "o", "\u001b[?25l\u001b[7d[    0.000000] KERNEL supported cpus:\u001b[K\u001b[8;25H[    0.000000]   Intel GenuineIntel\u001b[K\u001b[9;25H[    0.000000]   AMD AuthenticAMD\u001b[K\u001b[10;25H[    0.000000]   Centaur CentaurHauls\u001b[K\u001b[11;25H[    0.000000] x86/fpu: Supporting XSAVE feature 0x001: 'x87 floating point registers'\u001b[K\u001b[12;25H[    0.000000] x86/fpu: Supporting XSAVE feature 0x002: 'SSE registers'\u001b[K\u001b[13;25H[    0.000000] x86/fpu: Supporting XSAVE feature 0x004: 'AVX registers'\u001b[K\u001b[14;25H[    0.000000] x86/fpu: Supporting XSAVE feature 0x008: 'MPX bounds registers'\u001b[K\u001b[15;25H[    0.000000] x86/fpu: Supporting XSAVE feature 0x010: 'MPX CSR'\u001b[K\u001b[16;25H[    0.000000] x86/fpu: xstate_offset[2]:  576, xstate_sizes[2]:  256\u001b[K\u001b[17;25H[    0.000000] x86/fpu: xstate_offset[3]:  832, xstate_sizes[3]:   64\u001b[K\u001b[18;25H[    0.000000] x86/fpu: xstate_offset[4]:  896, xstate_sizes[4]:   64\u001b[K\u001b[19;25H[    0.000000] x86/fpu: Enabled xstate features 0x1f, context size is 960 bytes, using '\u001b[20;25Hcompacted' format.\u001b[K\u001b[21;25H[    0.000000] e820: BIOS-provided phys"]
[19.398337, "o", "ical RAM map:\u001b[K\u001b[22;25H[    0.000000] BIOS-e820: [mem 0x0000000000000000-0x000000000009fbff] usable\u001b[K\u001b[23;25H[    0.000000] BIOS-e820: [mem 0x000000000009fc00-0x000000000009ffff] reserved\u001b[K\u001b[24;25H[    0.000000] BIOS-e820: [mem 0x00000000000f0000-0x00000000000fffff] reserved\u001b[K\u001b[25;25H[    0.000000] BIOS-e820: [mem 0x0000000000100000-0x000000003ffdffff] usable\u001b[K\u001b[26;25H[    0.000000] BIOS-e820: [mem 0x000000003ffe0000-0x000000003fffffff] reserved\u001b[K\u001b[27;25H[    0.000000] BIOS-e820: [mem 0x00000000feffc000-0x00000000feffffff] reserved\u001b[K\u001b[28;25H[    0.000000] BIOS-e820: [mem 0x00000000fffc0000-0x00000000ffffffff] reserved\u001b[K\u001b[29;25H[    0.000000] N\u001b[K\u001b[?12l\u001b[?25h"]
[19.39836, "o", "X (Execut"]
[19.398564, "o", "e Disable) pr"]
[19.398679, "o", "otect"]
[19.40214, "o", "\u001b[?25l\u001b[7;25H[    0.000000] x86/fpu: Supporting XSAVE feature 0x004: 'AVX registers'\u001b[K\u001b[8;25H[    0.000000] x86/fpu: Supporting XSAVE feature 0x008: 'MPX bounds registers'\u001b[K\u001b[9;25H[    0.000000] x86/fpu: Supporting XSAVE feature 0x010: 'MPX CSR'\u001b[K\u001b[10;25H[    0.000000] x86/fpu: xstate_offset[2]:  576, xstate_sizes[2]:  256\u001b[K\u001b[11;25H[    0.000000] x86/fpu: xstate_offset[3]:  832, xstate_sizes[3]:   64\u001b[K\u001b[12;25H[    0.000000] x86/fpu: xstate_offset[4]:  896, xstate_sizes[4]:   64\u001b[K\u001b[13;25H[    0.000000] x86/fpu: Enabled xstate features 0x1f, context size is 960 bytes, using '\u001b[14;25Hcompacted' format.\u001b[K\u001b[15;25H[    0.000000] e820: BIOS-provided physical RAM map:\u001b[K\u001b[16;25H[    0.000000] BIOS-e820: [mem 0x0000000000000000-0x000000000009fbff] usable\u001b[K\u001b[17;25H[    0.000000] BIOS-e820: [mem 0x000000000009fc00-0x000000000009ffff] reserved\u001b[K\u001b[18;25H[    0.000000] BIOS-e820: [mem 0x00000000000f0000-0x00000000000fffff] reserved\u001b[K\u001b[19;25H[    0.000000] BIOS-e820: [mem 0x0000000000100000-0x000000003ffdffff] usa"]
[19.402256, "o", "ble\u001b[K\u001b[20;25H[    0.000000] BIOS-e820: [mem 0x000000003ffe0000-0x000000003fffffff] reserved\u001b[K\u001b[21;25H[    0.000000] BIOS-e820: [mem 0x00000000feffc000-0x00000000feffffff] reserved\u001b[K\u001b[22;25H[    0.000000] BIOS-e820: [mem 0x00000000fffc0000-0x00000000ffffffff] reserved\u001b[K\u001b[23;25H[    0.000000] NX (Execute Disable) protection: active\u001b[K\u001b[24;25H[    0.000000] SMBIOS 2.8 present.\u001b[K\u001b[25;25H[    0.000000] DMI: QEMU Standard PC (i440FX + PIIX, 1996), BIOS 1.10.2-1ubuntu1 04/01/2\u001b[26;25H014\u001b[K\u001b[27;25H[    0.000000] Hypervisor detected: KVM\u001b[K\u001b[28;25H[    0.000000] e820: last_pfn = 0x3ffe0 max_arch_pfn = 0x400000000\u001b[K\u001b[29;25H[    0.000000] x86/PAT: Configuration [0-7]: WB  WC  UC- UC  WB  WP  UC-\u001b[K\u001b[?12l\u001b[?25h"]
[19.402512, "o", "\u001b[?25l\u001b[7;25H[    0.000000] x86/fpu: Supporting XSAVE feature 0x008: 'MPX bounds registers'\u001b[K\u001b[8;25H[    0.000000] x86/fpu: Supporting XSAVE feature 0x010: 'MPX CSR'\u001b[K\u001b[9;25H[    0.000000] x86/fpu: xstate_offset[2]:  576, xstate_sizes[2]:  256\u001b[K\u001b[10;25H[    0.000000] x86/fpu: xstate_offset[3]:  832, xstate_sizes[3]:   64\u001b[K\u001b[11;25H[    0.000000] x86/fpu: xstate_offset[4]:  896, xstate_sizes[4]:   64\u001b[K\u001b[12;25H[    0.000000] x86/fpu: Enabled xstate features 0x1f, context size is 960 bytes, using '\u001b[13;25Hcompacted' format.\u001b[K\u001b[14;25H[    0.000000] e820: BIOS-provided physical RAM map:\u001b[K\u001b[15;25H[    0.000000] BIOS-e820: [mem 0x0000000000000000-0x000000000009fbff] usable\u001b[K\u001b[16;25H[    0.000000] BIOS-e820: [mem 0x000000000009fc00-0x000000000009ffff] reserved\u001b[K\u001b[17;25H[    0.000000] BIOS-e820: [mem 0x00000000000f0000-0x00000000000fffff] reserved\u001b[K\u001b[18;25H[    0.000000] BIOS-e820: [mem 0x0000000000100000-0x000000003ffdffff] usable\u001b[K\u001b[19;25H[    0.000000] BIOS-e820: [mem 0x000000003ffe0000-0x000000003fffffff"]
[19.402925, "o", "] reserved\u001b[K\u001b[20;25H[    0.000000] BIOS-e820: [mem 0x00000000feffc000-0x00000000feffffff] reserved\u001b[K\u001b[21;25H[    0.000000] BIOS-e820: [mem 0x00000000fffc0000-0x00000000ffffffff] reserved\u001b[K\u001b[22;25H[    0.000000] NX (Execute Disable) protection: active\u001b[K\u001b[23;25H[    0.000000] SMBIOS 2.8 present.\u001b[K\u001b[24;25H[    0.000000] DMI: QEMU Standard PC (i440FX + PIIX, 1996), BIOS 1.10.2-1ubuntu1 04/01/2\u001b[25;25H014\u001b[K\u001b[26;25H[    0.000000] Hypervisor detected: KVM\u001b[K\u001b[27;25H[    0.000000] e820: last_pfn = 0x3ffe0 max_arch_pfn = 0x400000000\u001b[K\u001b[28;25H[    0.000000] x86/PAT: Configuration [0-7]: WB  WC  UC- UC  WB  WP  UC- WT\u001b[K\u001b[29;25H[    0.000000] found S\u001b[K\u001b[?12l\u001b[?25hMP MP-table at [mem 0x000f6aa0"]
[19.403055, "o", "-0x000f"]
[19.403211, "o", "6aaf]\u001b[25G"]
[19.403348, "o", "\u001b[?25l\u001b[7d[    0.000000] x86/fpu: Supporting XSAVE feature 0x010: 'MPX CSR'\u001b[K\u001b[8;25H[    0.000000] x86/fpu: xstate_offset[2]:  576, xstate_sizes[2]:  256\u001b[K\u001b[9;25H[    0.000000] x86/fpu: xstate_offset[3]:  832, xstate_sizes[3]:   64\u001b[K\u001b[10;25H[    0.000000] x86/fpu: xstate_offset[4]:  896, xstate_sizes[4]:   64\u001b[K\u001b[11;25H[    0.000000] x86/fpu: Enabled xstate features 0x1f, context size is 960 bytes, using '\u001b[12;25Hcompacted' format.\u001b[K\u001b[13;25H[    0.000000] e820: BIOS-provided physical RAM map:\u001b[K\u001b[14;25H[    0.000000] BIOS-e820: [mem 0x0000000000000000-0x000000000009fbff] usable\u001b[K\u001b[15;25H[    0.000000] BIOS-e820: [mem 0x000000000009fc00-0x000000000009ffff] reserved\u001b[K\u001b[16;25H[    0.000000] BIOS-e820: [mem 0x00000000000f0000-0x00000000000fffff] reserved\u001b[K\u001b[17;25H[    0.000000] BIOS-e820: [mem 0x0000000000100000-0x000000003ffdffff] usable\u001b[K\u001b[18;25H[    0.000000] BIOS-e820: [mem 0x000000003ffe0000-0x000000003fffffff] reserved\u001b[K\u001b[19;25H[    0.000000] BIOS-e820: [mem 0x00000000feffc000-0x00000000feffffff] r"]
[19.403547, "o", "eserved\u001b[K\u001b[20;25H[    0.000000] BIOS-e820: [mem 0x00000000fffc0000-0x00000000ffffffff] reserved\u001b[K\u001b[21;25H[    0.000000] NX (Execute Disable) protection: active\u001b[K\u001b[22;25H[    0.000000] SMBIOS 2.8 present.\u001b[K\u001b[23;25H[    0.000000] DMI: QEMU Standard PC (i440FX + PIIX, 1996), BIOS 1.10.2-1ubuntu1 04/01/2\u001b[24;25H014\u001b[K\u001b[25;25H[    0.000000] Hypervisor detected: KVM\u001b[K\u001b[26;25H[    0.000000] e820: last_pfn = 0x3ffe0 max_arch_pfn = 0x400000000\u001b[K\u001b[27;25H[    0.000000] x86/PAT: Configuration [0-7]: WB  WC  UC- UC  WB  WP  UC- WT\u001b[K\u001b[28;25H[    0.000000] found SMP MP-table at [mem 0x000f6aa0-0x000f6aaf]\u001b[K\u001b[29;25H[\u001b[K\u001b[?12l\u001b[?25h    0.000000] Sc"]
[19.403637, "o", "anning 1 are"]
[19.40378, "o", "as for low"]
[19.403921, "o", " memory c"]
[19.404063, "o", "orruption"]
[19.404192, "o", "\u001b[?25l\u001b[7;25H[    0.000000] x86/fpu: xstate_offset[2]:  576, xstate_sizes[2]:  256\u001b[K\u001b[8;25H[    0.000000] x86/fpu: xstate_offset[3]:  832, xstate_sizes[3]:   64\u001b[K\u001b[9;25H[    0.000000] x86/fpu: xstate_offset[4]:  896, xstate_sizes[4]:   64\u001b[K\u001b[10;25H[    0.000000] x86/fpu: Enabled xstate features 0x1f, context size is 960 bytes, using '\u001b[11;25Hcompacted' format.\u001b[K\u001b[12;25H[    0.000000] e820: BIOS-provided physical RAM map:\u001b[K\u001b[13;25H[    0.000000] BIOS-e820: [mem 0x0000000000000000-0x000000000009fbff] usable\u001b[K\u001b[14;25H[    0.000000] BIOS-e820: [mem 0x000000000009fc00-0x000000000009ffff] reserved\u001b[K\u001b[15;25H[    0.000000] BIOS-e820: [mem 0x00000000000f0000-0x00000000000fffff] reserved\u001b[K\u001b[16;25H[    0.000000] BIOS-e820: [mem 0x0000000000100000-0x000000003ffdffff] usable\u001b[K\u001b[17;25H[    0.000000] BIOS-e820: [mem 0x000000003ffe0000-0x000000003fffffff] reserved\u001b[K\u001b[18;25H[    0.000000] BIOS-e820: [mem 0x00000000feffc000-0x00000000feffffff] reserved\u001b[K\u001b[19;25H[    0.000000] BIOS-e820: [mem 0x00000000fffc0000-0x000"]
[19.404331, "o", "00000ffffffff] reserved\u001b[K\u001b[20;25H[    0.000000] NX (Execute Disable) protection: active\u001b[K\u001b[21;25H[    0.000000] SMBIOS 2.8 present.\u001b[K\u001b[22;25H[    0.000000] DMI: QEMU Standard PC (i440FX + PIIX, 1996), BIOS 1.10.2-1ubuntu1 04/01/2\u001b[23;25H014\u001b[K\u001b[24;25H[    0.000000] Hypervisor detected: KVM\u001b[K\u001b[25;25H[    0.000000] e820: last_pfn = 0x3ffe0 max_arch_pfn = 0x400000000\u001b[K\u001b[26;25H[    0.000000] x86/PAT: Configuration [0-7]: WB  WC  UC- UC  WB  WP  UC- WT\u001b[K\u001b[27;25H[    0.000000] found SMP MP-table at [mem 0x000f6aa0-0x000f6aaf]\u001b[K\u001b[28;25H[    0.000000] Scanning 1 areas for low memory corruption\u001b[K\u001b[29;25H\u001b[K\u001b[?12l\u001b[?25h[    0.00000"]
[19.404439, "o", "0] U"]
[19.406288, "o", "\u001b[?25l\u001b[7;25H[    0.000000] x86/fpu: Enabled xstate features 0x1f, context size is 960 bytes, using '\u001b[8;25Hcompacted' format.\u001b[K\u001b[9;25H[    0.000000] e820: BIOS-provided physical RAM map:\u001b[K\u001b[10;25H[    0.000000] BIOS-e820: [mem 0x0000000000000000-0x000000000009fbff] usable\u001b[K\u001b[11;25H[    0.000000] BIOS-e820: [mem 0x000000000009fc00-0x000000000009ffff] reserved\u001b[K\u001b[12;25H[    0.000000] BIOS-e820: [mem 0x00000000000f0000-0x00000000000fffff] reserved\u001b[K\u001b[13;25H[    0.000000] BIOS-e820: [mem 0x0000000000100000-0x000000003ffdffff] usable\u001b[K\u001b[14;25H[    0.000000] BIOS-e820: [mem 0x000000003ffe0000-0x000000003fffffff] reserved\u001b[K\u001b[15;25H[    0.000000] BIOS-e820: [mem 0x00000000feffc000-0x00000000feffffff] reserved\u001b[K\u001b[16;25H[    0.000000] BIOS-e820: [mem 0x00000000fffc0000-0x00000000ffffffff] reserved\u001b[K\u001b[17;25H[    0.000000] NX (Execute Disable) protection: active\u001b[K\u001b[18;25H[    0.000000] SMBIOS 2.8 present.\u001b[K\u001b[19;25H[    0.000000] DMI: QEMU Standard PC (i440FX + PIIX, 1996), BIOS 1.10.2-1ubuntu1 04/01/2\u001b[20;25H"]
[19.406371, "o", "014\u001b[K\u001b[21;25H[    0.000000] Hypervisor detected: KVM\u001b[K\u001b[22;25H[    0.000000] e820: last_pfn = 0x3ffe0 max_arch_pfn = 0x400000000\u001b[K\u001b[23;25H[    0.000000] x86/PAT: Configuration [0-7]: WB  WC  UC- UC  WB  WP  UC- WT\u001b[K\u001b[24;25H[    0.000000] found SMP MP-table at [mem 0x000f6aa0-0x000f6aaf]\u001b[K\u001b[25;25H[    0.000000] Scanning 1 areas for low memory corruption\u001b[K\u001b[26;25H[    0.000000] Using GB pages for direct mapping\u001b[K\u001b[27;25H[    0.000000] RAMDISK: [mem 0x31f61000-0x34fa7fff]\u001b[K\u001b[28;25H[    0.000000] ACPI: Early table checksum verification disabled\u001b[K\u001b[29;25H[    0.000000] ACPI: RSDP 0x00000000000F68C0 000\u001b[K\u001b[?12l\u001b[?25h014 (v00 B"]
[19.406513, "o", "OCHS )\u001b[25G"]
[19.406609, "o", "\u001b[?25l\u001b[7dcompacted' format.\u001b[K\u001b[8;25H[    0.000000] e820: BIOS-provided physical RAM map:\u001b[K\u001b[9;25H[    0.000000] BIOS-e820: [mem 0x0000000000000000-0x000000000009fbff] usable\u001b[K\u001b[10;25H[    0.000000] BIOS-e820: [mem 0x000000000009fc00-0x000000000009ffff] reserved\u001b[K\u001b[11;25H[    0.000000] BIOS-e820: [mem 0x00000000000f0000-0x00000000000fffff] reserved\u001b[K\u001b[12;25H[    0.000000] BIOS-e820: [mem 0x0000000000100000-0x000000003ffdffff] usable\u001b[K\u001b[13;25H[    0.000000] BIOS-e820: [mem 0x000000003ffe0000-0x000000003fffffff] reserved\u001b[K\u001b[14;25H[    0.000000] BIOS-e820: [mem 0x00000000feffc000-0x00000000feffffff] reserved\u001b[K\u001b[15;25H[    0.000000] BIOS-e820: [mem 0x00000000fffc0000-0x00000000ffffffff] reserved\u001b[K\u001b[16;25H[    0.000000] NX (Execute Disable) protection: active\u001b[K\u001b[17;25H[    0.000000] SMBIOS 2.8 present.\u001b[K\u001b[18;25H[    0.000000] DMI: QEMU Standard PC (i440FX + PIIX, 1996), BIOS 1.10.2-1ubuntu1 04/01/2\u001b[19;25H014\u001b[K\u001b[20;25H[    0.000000] Hypervisor detected: KVM\u001b[K\u001b[21;25H[    0.000000] e820: last_pfn = 0x3"]
[19.406788, "o", "ffe0 max_arch_pfn = 0x400000000\u001b[K\u001b[22;25H[    0.000000] x86/PAT: Configuration [0-7]: WB  WC  UC- UC  WB  WP  UC- WT\u001b[K\u001b[23;25H[    0.000000] found SMP MP-table at [mem 0x000f6aa0-0x000f6aaf]\u001b[K\u001b[24;25H[    0.000000] Scanning 1 areas for low memory corruption\u001b[K\u001b[25;25H[    0.000000] Using GB pages for direct mapping\u001b[K\u001b[26;25H[    0.000000] RAMDISK: [mem 0x31f61000-0x34fa7fff]\u001b[K\u001b[27;25H[    0.000000] ACPI: Early table checksum verification disabled\u001b[K\u001b[28;25H[    0.000000] ACPI: RSDP 0x00000000000F68C0 000014 (v00 BOCHS )\u001b[K\u001b[29;25H[\u001b[K\u001b[2C\u001b[?12l\u001b[?25h  0.000000] ACPI: RSD"]
[19.406928, "o", "T 0x0000000"]
[19.407104, "o", "03FFE15FC 000"]
[19.407228, "o", "03"]
[19.407288, "o", "0 (v01"]
[19.407358, "o", " BOCHS  B"]
[19.407518, "o", "XPCRSDT 0000"]
[19.407681, "o", "0001 BXPC"]
[19.40781, "o", "\u001b[?25l\u001b[7;25H[    0.000000] e820: BIOS-provided physical RAM map:\u001b[K\u001b[8;25H[    0.000000] BIOS-e820: [mem 0x0000000000000000-0x000000000009fbff] usable\u001b[K\u001b[9;25H[    0.000000] BIOS-e820: [mem 0x000000000009fc00-0x000000000009ffff] reserved\u001b[K\u001b[10;25H[    0.000000] BIOS-e820: [mem 0x00000000000f0000-0x00000000000fffff] reserved\u001b[K\u001b[11;25H[    0.000000] BIOS-e820: [mem 0x0000000000100000-0x000000003ffdffff] usable\u001b[K\u001b[12;25H[    0.000000] BIOS-e820: [mem 0x000000003ffe0000-0x000000003fffffff] reserved\u001b[K\u001b[13;25H[    0.000000] BIOS-e820: [mem 0x00000000feffc000-0x00000000feffffff] reserved\u001b[K\u001b[14;25H[    0.000000] BIOS-e820: [mem 0x00000000fffc0000-0x00000000ffffffff] reserved\u001b[K\u001b[15;25H[    0.000000] NX (Execute Disable) protection: active\u001b[K\u001b[16;25H[    0.000000] SMBIOS 2.8 present.\u001b[K\u001b[17;25H[    0.000000] DMI: QEMU Standard PC (i440FX + PIIX, 1996), BIOS 1.10.2-1ubuntu1 04/01/2\u001b[18;25H014\u001b[K\u001b[19;25H[    0.000000] Hypervisor detected: KVM\u001b[K\u001b[20;25H[    0.000000] e820: last_pfn = 0x3ffe0 max_arch_pfn = 0x4000"]
[19.407933, "o", "00000\u001b[K\u001b[21;25H[    0.000000] x86/PAT: Configuration [0-7]: WB  WC  UC- UC  WB  WP  UC- WT\u001b[K\u001b[22;25H[    0.000000] found SMP MP-table at [mem 0x000f6aa0-0x000f6aaf]\u001b[K\u001b[23;25H[    0.000000] Scanning 1 areas for low memory corruption\u001b[K\u001b[24;25H[    0.000000] Using GB pages for direct mapping\u001b[K\u001b[25;25H[    0.000000] RAMDISK: [mem 0x31f61000-0x34fa7fff]\u001b[K\u001b[26;25H[    0.000000] ACPI: Early table checksum verification disabled\u001b[K\u001b[27;25H[    0.000000] ACPI: RSDP 0x00000000000F68C0 000014 (v00 BOCHS )\u001b[K\u001b[28;25H[    0.000000] ACPI: RSDT 0x000000003FFE15FC 000030 (v01 BOCHS  BXPCRSDT 00000001 BXPC 0\u001b[29;25H000\u001b[K\u001b[?12l\u001b[?25h0001)\u001b[?25l\u001b[7;25H[    0.000000] BIOS-e820: [mem 0x0000000000000000-0x000000000009fbff] usable\u001b[K\u001b[8;25H[    0.000000] BIOS-e820: [mem 0x000000000009fc00-0x000000000009ffff] reserved\u001b[K\u001b[9;25H[    0.000000] BIOS-e820: [mem 0x00000000000f0000-0x00000000000fffff] reserved\u001b[K\u001b[10;25H[    0.000000] BIOS-e820: [mem 0x0000000000100000-0x000000003ffdffff] usable\u001b[K\u001b[11;25H[    0.000000] BIOS-e820: ["]
[19.408007, "o", "mem 0x000000003ffe0000-0x000000003fffffff] reserved\u001b[K\u001b[12;25H[    0.000000] BIOS-e820: [mem 0x00000000feffc000-0x00000000feffffff] reserved\u001b[K\u001b[13;25H[    0.000000] BIOS-e820: [mem 0x00000000fffc0000-0x00000000ffffffff] reserved\u001b[K\u001b[14;25H[    0.000000] NX (Execute Disable) protection: active\u001b[K\u001b[15;25H[    0.000000] SMBIOS 2.8 present.\u001b[K\u001b[16;25H[    0.000000] DMI: QEMU Standard PC (i440FX + PIIX, 1996), BIOS 1.10.2-1ubuntu1 04/01/2\u001b[17;25H014\u001b[K\u001b[18;25H[    0.000000] Hypervisor detected: KVM\u001b[K\u001b[19;25H[    0.000000] e820: last_pfn = 0x3ffe0 max_arch_pfn = 0x400000000\u001b[K\u001b[20;25H[    0.000000] x86/PAT: Configuration [0-7]: WB  WC  UC- UC  WB  WP  UC- WT\u001b[K\u001b[21;25H[    0.000000] found SMP MP-table at [mem 0x000f6aa0-0x000f6aaf]\u001b[K\u001b[22;25H[    0.000000] Scanning 1 areas for low memory corruption\u001b[K\u001b[23;25H[    0.000000] Using GB pages for direct mapping\u001b[K\u001b[24;25H[    0.000000] RAMDISK: [mem 0x31f61000-0x34fa7fff]\u001b[K\u001b[25;25H[    0.000000] ACPI: Early table checksum verification disabled\u001b[K\u001b[26;25H[    0.000000"]
[19.408071, "o", "] ACPI: RSDP 0x00000000000F68C0 000014 (v00 BOCHS )\u001b[K\u001b[27;25H[    0.000000] ACPI: RSDT 0x000000003FFE15FC 000030 (v01 BOCHS  BXPCRSDT 00000001 BXPC 0\u001b[28;25H0000001)\u001b[K\u001b[29;25H[\u001b[K\u001b[C\u001b[?12l\u001b[?25h   0.000000] ACPI: FACP"]
[19.408128, "o", " 0x00"]
[19.408192, "o", "000000"]
[19.408295, "o", "3FFE1"]
[19.408347, "o", "458 00"]
[19.408398, "o", "0074 "]
[19.408669, "o", "(v01 BOCHS  BXPCFACP "]
[19.408749, "o", "000000"]
[19.408819, "o", "01 BXP"]
[19.408913, "o", "\u001b[?25l\u001b[7;25H[    0.000000] BIOS-e820: [mem 0x000000000009fc00-0x000000000009ffff] reserved\u001b[K\u001b[8;25H[    0.000000] BIOS-e820: [mem 0x00000000000f0000-0x00000000000fffff] reserved\u001b[K\u001b[9;25H[    0.000000] BIOS-e820: [mem 0x0000000000100000-0x000000003ffdffff] usable\u001b[K\u001b[10;25H[    0.000000] BIOS-e820: [mem 0x000000003ffe0000-0x000000003fffffff] reserved\u001b[K\u001b[11;25H[    0.000000] BIOS-e820: [mem 0x00000000feffc000-0x00000000feffffff] reserved\u001b[K\u001b[12;25H[    0.000000] BIOS-e820: [mem 0x00000000fffc0000-0x00000000ffffffff] reserved\u001b[K\u001b[13;25H[    0.000000] NX (Execute Disable) protection: active\u001b[K\u001b[14;25H[    0.000000] SMBIOS 2.8 present.\u001b[K\u001b[15;25H[    0.000000] DMI: QEMU Standard PC (i440FX + PIIX, 1996), BIOS 1.10.2-1ubuntu1 04/01/2\u001b[16;25H014\u001b[K\u001b[17;25H[    0.000000] Hypervisor detected: KVM\u001b[K\u001b[18;25H[    0.000000] e820: last_pfn = 0x3ffe0 max_arch_pfn = 0x400000000\u001b[K\u001b[19;25H[    0.000000] x86/PAT: Configuration [0-7]: WB  WC  UC- UC  WB  WP  UC- WT\u001b[K\u001b[20;25H[    0.000000] found SMP MP-table at [mem 0x000f"]
[19.409049, "o", "6aa0-0x000f6aaf]\u001b[K\u001b[21;25H[    0.000000] Scanning 1 areas for low memory corruption\u001b[K\u001b[22;25H[    0.000000] Using GB pages for direct mapping\u001b[K\u001b[23;25H[    0.000000] RAMDISK: [mem 0x31f61000-0x34fa7fff]\u001b[K\u001b[24;25H[    0.000000] ACPI: Early table checksum verification disabled\u001b[K\u001b[25;25H[    0.000000] ACPI: RSDP 0x00000000000F68C0 000014 (v00 BOCHS )\u001b[K\u001b[26;25H[    0.000000] ACPI: RSDT 0x000000003FFE15FC 000030 (v01 BOCHS  BXPCRSDT 00000001 BXPC 0\u001b[27;25H0000001)\u001b[K\u001b[28;25H[    0.000000] ACPI: FACP 0x000000003FFE1458 000074 (v01 BOCHS  BXPCFACP 00000001 BXPC 0\u001b[29;25H0000\u001b[K\u001b[?12l\u001b[?25h\u001b[?25l\u001b[7;25H[    0.000000] BIOS-e820: [mem 0x00000000000f0000-0x00000000000fffff] reserved\u001b[K\u001b[8;25H[    0.000000] BIOS-e820: [mem 0x0000000000100000-0x000000003ffdffff] usable\u001b[K\u001b[9;25H[    0.000000] BIOS-e820: [mem 0x000000003ffe0000-0x000000003fffffff] reserved\u001b[K\u001b[10;25H[    0.000000] BIOS-e820: [mem 0x00000000feffc000-0x00000000feffffff] reserved\u001b[K\u001b[11;25H[    0.000000] BIOS-e820: [mem 0x00000000fffc0000-0x00000000ffff"]
[19.409184, "o", "ffff] reserved\u001b[K\u001b[12;25H[    0.000000] NX (Execute Disable) protection: active\u001b[K\u001b[13;25H[    0.000000] SMBIOS 2.8 present.\u001b[K\u001b[14;25H[    0.000000] DMI: QEMU Standard PC (i440FX + PIIX, 1996), BIOS 1.10.2-1ubuntu1 04/01/2\u001b[15;25H014\u001b[K\u001b[16;25H[    0.000000] Hypervisor detected: KVM\u001b[K\u001b[17;25H[    0.000000] e820: last_pfn = 0x3ffe0 max_arch_pfn = 0x400000000\u001b[K\u001b[18;25H[    0.000000] x86/PAT: Configuration [0-7]: WB  WC  UC- UC  WB  WP  UC- WT\u001b[K\u001b[19;25H[    0.000000] found SMP MP-table at [mem 0x000f6aa0-0x000f6aaf]\u001b[K\u001b[20;25H[    0.000000] Scanning 1 areas for low memory corruption\u001b[K\u001b[21;25H[    0.000000] Using GB pages for direct mapping\u001b[K\u001b[22;25H[    0.000000] RAMDISK: [mem 0x31f61000-0x34fa7fff]\u001b[K\u001b[23;25H[    0.000000] ACPI: Early table checksum verification disabled\u001b[K\u001b[24;25H[    0.000000] ACPI: RSDP 0x00000000000F68C0 000014 (v00 BOCHS )\u001b[K\u001b[25;25H[    0.000000] ACPI: RSDT 0x000000003FFE15FC 000030 (v01 BOCHS  BXPCRSDT 00000001 BXPC 0\u001b[26;25H0000001)\u001b[K\u001b[27;25H[    0.000000] ACPI: FACP 0x000000003F"]
[19.409246, "o", "FE1458 000074 (v01 BOCHS  BXPCFACP 00000001 BXPC 0\u001b[28;25H0000001)\u001b[K\u001b[29;25H\u001b[K\u001b[?12l\u001b[?25h[    "]
[19.410215, "o", "\u001b[?25l\u001b[7;25H[    0.000000] BIOS-e820: [mem 0x000000003ffe0000-0x000000003fffffff] reserved\u001b[K\u001b[8;25H[    0.000000] BIOS-e820: [mem 0x00000000feffc000-0x00000000feffffff] reserved\u001b[K\u001b[9;25H[    0.000000] BIOS-e820: [mem 0x00000000fffc0000-0x00000000ffffffff] reserved\u001b[K\u001b[10;25H[    0.000000] NX (Execute Disable) protection: active\u001b[K\u001b[11;25H[    0.000000] SMBIOS 2.8 present.\u001b[K\u001b[12;25H[    0.000000] DMI: QEMU Standard PC (i440FX + PIIX, 1996), BIOS 1.10.2-1ubuntu1 04/01/2\u001b[13;25H014\u001b[K\u001b[14;25H[    0.000000] Hypervisor detected: KVM\u001b[K\u001b[15;25H[    0.000000] e820: last_pfn = 0x3ffe0 max_arch_pfn = 0x400000000\u001b[K\u001b[16;25H[    0.000000] x86/PAT: Configuration [0-7]: WB  WC  UC- UC  WB  WP  UC- WT\u001b[K\u001b[17;25H[    0.000000] found SMP MP-table at [mem 0x000f6aa0-0x000f6aaf]\u001b[K\u001b[18;25H[    0.000000] Scanning 1 areas for low memory corruption\u001b[K\u001b[19;25H[    0.000000] Using GB pages for direct mapping\u001b[K\u001b[20;25H[    0.000000] RAMDISK: [mem 0x31f61000-0x34fa7fff]\u001b[K\u001b[21;25H[    0.000000] ACPI: Early table checksum verific"]
[19.410299, "o", "ation disabled\u001b[K\u001b[22;25H[    0.000000] ACPI: RSDP 0x00000000000F68C0 000014 (v00 BOCHS )\u001b[K\u001b[23;25H[    0.000000] ACPI: RSDT 0x000000003FFE15FC 000030 (v01 BOCHS  BXPCRSDT 00000001 BXPC 0\u001b[24;25H0000001)\u001b[K\u001b[25;25H[    0.000000] ACPI: FACP 0x000000003FFE1458 000074 (v01 BOCHS  BXPCFACP 00000001 BXPC 0\u001b[26;25H0000001)\u001b[K\u001b[27;25H[    0.000000] ACPI: DSDT 0x000000003FFE0040 001418 (v01 BOCHS  BXPCDSDT 00000001 BXPC 0\u001b[28;25H0000001)\u001b[K\u001b[29;25H[    0.000000] A\u001b[K\u001b[?12l\u001b[?25hCPI: FAC"]
[19.410371, "o", "S 0x000"]
[19.410525, "o", "000003FFE000"]
[19.410595, "o", "0"]
[19.410727, "o", "\u001b[?25l\u001b[7;25H[    0.000000] BIOS-e820: [mem 0x00000000feffc000-0x00000000feffffff] reserved\u001b[K\u001b[8;25H[    0.000000] BIOS-e820: [mem 0x00000000fffc0000-0x00000000ffffffff] reserved\u001b[K\u001b[9;25H[    0.000000] NX (Execute Disable) protection: active\u001b[K\u001b[10;25H[    0.000000] SMBIOS 2.8 present.\u001b[K\u001b[11;25H[    0.000000] DMI: QEMU Standard PC (i440FX + PIIX, 1996), BIOS 1.10.2-1ubuntu1 04/01/2\u001b[12;25H014\u001b[K\u001b[13;25H[    0.000000] Hypervisor detected: KVM\u001b[K\u001b[14;25H[    0.000000] e820: last_pfn = 0x3ffe0 max_arch_pfn = 0x400000000\u001b[K\u001b[15;25H[    0.000000] x86/PAT: Configuration [0-7]: WB  WC  UC- UC  WB  WP  UC- WT\u001b[K\u001b[16;25H[    0.000000] found SMP MP-table at [mem 0x000f6aa0-0x000f6aaf]\u001b[K\u001b[17;25H[    0.000000] Scanning 1 areas for low memory corruption\u001b[K\u001b[18;25H[    0.000000] Using GB pages for direct mapping\u001b[K\u001b[19;25H[    0.000000] RAMDISK: [mem 0x31f61000-0x34fa7fff]\u001b[K\u001b[20;25H[    0.000000] ACPI: Early table checksum verification disabled\u001b[K\u001b[21;25H[    0.000000] ACPI: RSDP 0x00000000000F68C0 000014 (v00 BOCHS )"]
[19.410798, "o", "\u001b[K\u001b[22;25H[    0.000000] ACPI: RSDT 0x000000003FFE15FC 000030 (v01 BOCHS  BXPCRSDT 00000001 BXPC 0\u001b[23;25H0000001)\u001b[K\u001b[24;25H[    0.000000] ACPI: FACP 0x000000003FFE1458 000074 (v01 BOCHS  BXPCFACP 00000001 BXPC 0\u001b[25;25H0000001)\u001b[K\u001b[26;25H[    0.000000] ACPI: DSDT 0x000000003FFE0040 001418 (v01 BOCHS  BXPCDSDT 00000001 BXPC 0\u001b[27;25H0000001)\u001b[K\u001b[28;25H[    0.000000] ACPI: FACS 0x000000003FFE0000 000040\u001b[K\u001b[29;25H\u001b[K\u001b[?12l\u001b[?25h"]
[19.41336, "o", "\u001b[?25l\u001b[7d014\u001b[K\u001b[8;25H[    0.000000] Hypervisor detected: KVM\u001b[K\u001b[9;25H[    0.000000] e820: last_pfn = 0x3ffe0 max_arch_pfn = 0x400000000\u001b[K\u001b[10;25H[    0.000000] x86/PAT: Configuration [0-7]: WB  WC  UC- UC  WB  WP  UC- WT\u001b[K\u001b[11;25H[    0.000000] found SMP MP-table at [mem 0x000f6aa0-0x000f6aaf]\u001b[K\u001b[12;25H[    0.000000] Scanning 1 areas for low memory corruption\u001b[K\u001b[13;25H[    0.000000] Using GB pages for direct mapping\u001b[K\u001b[14;25H[    0.000000] RAMDISK: [mem 0x31f61000-0x34fa7fff]\u001b[K\u001b[15;25H[    0.000000] ACPI: Early table checksum verification disabled\u001b[K\u001b[16;25H[    0.000000] ACPI: RSDP 0x00000000000F68C0 000014 (v00 BOCHS )\u001b[K\u001b[17;25H[    0.000000] ACPI: RSDT 0x000000003FFE15FC 000030 (v01 BOCHS  BXPCRSDT 00000001 BXPC 0\u001b[18;25H0000001)\u001b[K\u001b[19;25H[    0.000000] ACPI: FACP 0x000000003FFE1458 000074 (v01 BOCHS  BXPCFACP 00000001 BXPC 0\u001b[20;25H0000001)\u001b[K\u001b[21;25H[    0.000000] ACPI: DSDT 0x000000003FFE0040 001418 (v01 BOCHS  BXPCDSDT 00000001 BXPC 0\u001b[22;25H0000001)\u001b[K\u001b[23;25H[    0.000000] ACPI: FACS 0x000"]
[19.413452, "o", "000003FFE0000 000040\u001b[K\u001b[24;25H[    0.000000] ACPI: APIC 0x000000003FFE154C 000078 (v01 BOCHS  BXPCAPIC 00000001 BXPC 0\u001b[25;25H0000001)\u001b[K\u001b[26;25H[    0.000000] ACPI: HPET 0x000000003FFE15C4 000038 (v01 BOCHS  BXPCHPET 00000001 BXPC 0\u001b[27;25H0000001)\u001b[K\u001b[28;25H[    0.000000] No NUMA configuration found\u001b[K\u001b[29;25H[    0.000000] Faking a node at [mem 0x0\u001b[K\u001b[?12l\u001b[?25h0000000"]
[19.414228, "o", "\u001b[?25l\u001b[7;25H[    0.000000] Hypervisor detected: KVM\u001b[K\u001b[8;25H[    0.000000] e820: last_pfn = 0x3ffe0 max_arch_pfn = 0x400000000\u001b[K\u001b[9;25H[    0.000000] x86/PAT: Configuration [0-7]: WB  WC  UC- UC  WB  WP  UC- WT\u001b[K\u001b[10;25H[    0.000000] found SMP MP-table at [mem 0x000f6aa0-0x000f6aaf]\u001b[K\u001b[11;25H[    0.000000] Scanning 1 areas for low memory corruption\u001b[K\u001b[12;25H[    0.000000] Using GB pages for direct mapping\u001b[K\u001b[13;25H[    0.000000] RAMDISK: [mem 0x31f61000-0x34fa7fff]\u001b[K\u001b[14;25H[    0.000000] ACPI: Early table checksum verification disabled\u001b[K\u001b[15;25H[    0.000000] ACPI: RSDP 0x00000000000F68C0 000014 (v00 BOCHS )\u001b[K\u001b[16;25H[    0.000000] ACPI: RSDT 0x000000003FFE15FC 000030 (v01 BOCHS  BXPCRSDT 00000001 BXPC 0\u001b[17;25H0000001)\u001b[K\u001b[18;25H[    0.000000] ACPI: FACP 0x000000003FFE1458 000074 (v01 BOCHS  BXPCFACP 00000001 BXPC 0\u001b[19;25H0000001)\u001b[K\u001b[20;25H[    0.000000] ACPI: DSDT 0x000000003FFE0040 001418 (v01 BOCHS  BXPCDSDT 00000001 BXPC 0\u001b[21;25H0000001)\u001b[K\u001b[22;25H[    0.000000] ACPI: FACS 0x000000003FFE00"]
[19.414376, "o", "00 000040\u001b[K\u001b[23;25H[    0.000000] ACPI: APIC 0x000000003FFE154C 000078 (v01 BOCHS  BXPCAPIC 00000001 BXPC 0\u001b[24;25H0000001)\u001b[K\u001b[25;25H[    0.000000] ACPI: HPET 0x000000003FFE15C4 000038 (v01 BOCHS  BXPCHPET 00000001 BXPC 0\u001b[26;25H0000001)\u001b[K\u001b[27;25H[    0.000000] No NUMA configuration found\u001b[K\u001b[28;25H[    0.000000] Faking a node at [mem 0x0000000000000000-0x000000003ffdffff]\u001b[K\u001b[29;25H[    0.000000] NODE_DATA(0) allocated [mem 0\u001b[K\u001b[?12l\u001b[?25hx3ffb5000-0"]
[19.414432, "o", "x3ffdf"]
[19.414631, "o", "\u001b[?25l\u001b[7;25H[    0.000000] e820: last_pfn = 0x3ffe0 max_arch_pfn = 0x400000000\u001b[K\u001b[8;25H[    0.000000] x86/PAT: Configuration [0-7]: WB  WC  UC- UC  WB  WP  UC- WT\u001b[K\u001b[9;25H[    0.000000] found SMP MP-table at [mem 0x000f6aa0-0x000f6aaf]\u001b[K\u001b[10;25H[    0.000000] Scanning 1 areas for low memory corruption\u001b[K\u001b[11;25H[    0.000000] Using GB pages for direct mapping\u001b[K\u001b[12;25H[    0.000000] RAMDISK: [mem 0x31f61000-0x34fa7fff]\u001b[K\u001b[13;25H[    0.000000] ACPI: Early table checksum verification disabled\u001b[K\u001b[14;25H[    0.000000] ACPI: RSDP 0x00000000000F68C0 000014 (v00 BOCHS )\u001b[K\u001b[15;25H[    0.000000] ACPI: RSDT 0x000000003FFE15FC 000030 (v01 BOCHS  BXPCRSDT 00000001 BXPC 0\u001b[16;25H0000001)\u001b[K\u001b[17;25H[    0.000000] ACPI: FACP 0x000000003FFE1458 000074 (v01 BOCHS  BXPCFACP 00000001 BXPC 0\u001b[18;25H0000001)\u001b[K\u001b[19;25H[    0.000000] ACPI: DSDT 0x000000003FFE0040 001418 (v01 BOCHS  BXPCDSDT 00000001 BXPC 0\u001b[20;25H0000001)\u001b[K\u001b[21;25H[    0.000000] ACPI: FACS 0x000000003FFE0000 000040\u001b[K\u001b[22;25H[    0.000000] ACPI: APIC 0x00"]
[19.414725, "o", "0000003FFE154C 000078 (v01 BOCHS  BXPCAPIC 00000001 BXPC 0\u001b[23;25H0000001)\u001b[K\u001b[24;25H[    0.000000] ACPI: HPET 0x000000003FFE15C4 000038 (v01 BOCHS  BXPCHPET 00000001 BXPC 0\u001b[25;25H0000001)\u001b[K\u001b[26;25H[    0.000000] No NUMA configuration found\u001b[K\u001b[27;25H[    0.000000] Faking a node at [mem 0x0000000000000000-0x000000003ffdffff]\u001b[K\u001b[28;25H[    0.000000] NODE_DATA(0) allocated [mem 0x3ffb5000-0x3ffdffff]\u001b[K\u001b[29;25H\u001b[K\u001b[?12l\u001b[?25h"]
[19.417317, "o", "\u001b[?25l\u001b[7d[    0.000000] Scanning 1 areas for low memory corruption\u001b[K\u001b[8;25H[    0.000000] Using GB pages for direct mapping\u001b[K\u001b[9;25H[    0.000000] RAMDISK: [mem 0x31f61000-0x34fa7fff]\u001b[K\u001b[10;25H[    0.000000] ACPI: Early table checksum verification disabled\u001b[K\u001b[11;25H[    0.000000] ACPI: RSDP 0x00000000000F68C0 000014 (v00 BOCHS )\u001b[K\u001b[12;25H[    0.000000] ACPI: RSDT 0x000000003FFE15FC 000030 (v01 BOCHS  BXPCRSDT 00000001 BXPC 0\u001b[13;25H0000001)\u001b[K\u001b[14;25H[    0.000000] ACPI: FACP 0x000000003FFE1458 000074 (v01 BOCHS  BXPCFACP 00000001 BXPC 0\u001b[15;25H0000001)\u001b[K\u001b[16;25H[    0.000000] ACPI: DSDT 0x000000003FFE0040 001418 (v01 BOCHS  BXPCDSDT 00000001 BXPC 0\u001b[17;25H0000001)\u001b[K\u001b[18;25H[    0.000000] ACPI: FACS 0x000000003FFE0000 000040\u001b[K\u001b[19;25H[    0.000000] ACPI: APIC 0x000000003FFE154C 000078 (v01 BOCHS  BXPCAPIC 00000001 BXPC 0\u001b[20;25H0000001)\u001b[K\u001b[21;25H[    0.000000] ACPI: HPET 0x000000003FFE15C4 000038 (v01 BOCHS  BXPCHPET 00000001 BXPC 0\u001b[22;25H0000001)\u001b[K\u001b[23;25H[    0.000000] No NUMA configuration foun"]
[19.417344, "o", "d\u001b[K\u001b[24;25H[    0.000000] Faking a node at [mem 0x0000000000000000-0x000000003ffdffff]\u001b[K\u001b[25;25H[    0.000000] NODE_DATA(0) allocated [mem 0x3ffb5000-0x3ffdffff]\u001b[K\u001b[26;25H[    0.000000] kvm-clock: cpu 0, msr 0:3ff34001, primary cpu clock\u001b[K\u001b[27;25H[    0.000000] kvm-clock: Using msrs 4b564d01 and 4b564d00\u001b[K\u001b[28;25H[    0.000000] kvm-clock: using sched offset of 10323230671 cycles\u001b[K\u001b[29;25H[    0.000000] clocksource: kvm-clock: mask: 0xffffffffffffffff max_cycles: 0x1cd42e4\u001b[K\u001b[?12l\u001b[?25h"]
[19.417414, "o", "\u001b[?25l\u001b[7;25H[    0.000000] Using GB pages for direct mapping\u001b[K\u001b[8;25H[    0.000000] RAMDISK: [mem 0x31f61000-0x34fa7fff]\u001b[K\u001b[9;25H[    0.000000] ACPI: Early table checksum verification disabled\u001b[K\u001b[10;25H[    0.000000] ACPI: RSDP 0x00000000000F68C0 000014 (v00 BOCHS )\u001b[K\u001b[11;25H[    0.000000] ACPI: RSDT 0x000000003FFE15FC 000030 (v01 BOCHS  BXPCRSDT 00000001 BXPC 0\u001b[12;25H0000001)\u001b[K\u001b[13;25H[    0.000000] ACPI: FACP 0x000000003FFE1458 000074 (v01 BOCHS  BXPCFACP 00000001 BXPC 0\u001b[14;25H0000001)\u001b[K\u001b[15;25H[    0.000000] ACPI: DSDT 0x000000003FFE0040 001418 (v01 BOCHS  BXPCDSDT 00000001 BXPC 0\u001b[16;25H0000001)\u001b[K\u001b[17;25H[    0.000000] ACPI: FACS 0x000000003FFE0000 000040\u001b[K\u001b[18;25H[    0.000000] ACPI: APIC 0x000000003FFE154C 000078 (v01 BOCHS  BXPCAPIC 00000001 BXPC 0\u001b[19;25H0000001)\u001b[K\u001b[20;25H[    0.000000] ACPI: HPET 0x000000003FFE15C4 000038 (v01 BOCHS  BXPCHPET 00000001 BXPC 0\u001b[21;25H0000001)\u001b[K\u001b[22;25H[    0.000000] No NUMA configuration found\u001b[K\u001b[23;25H[    0.000000] Faking a node at [mem 0x00000000000000"]
[19.417507, "o", "00-0x000000003ffdffff]\u001b[K\u001b[24;25H[    0.000000] NODE_DATA(0) allocated [mem 0x3ffb5000-0x3ffdffff]\u001b[K\u001b[25;25H[    0.000000] kvm-clock: cpu 0, msr 0:3ff34001, primary cpu clock\u001b[K\u001b[26;25H[    0.000000] kvm-clock: Using msrs 4b564d01 and 4b564d00\u001b[K\u001b[27;25H[    0.000000] kvm-clock: using sched offset of 10323230671 cycles\u001b[K\u001b[28;25H[    0.000000] clocksource: kvm-clock: mask: 0xffffffffffffffff max_cycles: 0x1cd42e4dff\u001b[29;25Hb, m\u001b[K\u001b[?12l\u001b[?25hax"]
[19.417678, "o", "_idle_ns: 88159059148"]
[19.417705, "o", "3 ns"]
[19.417812, "o", "\u001b[25G"]
[19.417917, "o", "\u001b[?25l\u001b[7d[    0.000000] RAMDISK: [mem 0x31f61000-0x34fa7fff]\u001b[K\u001b[8;25H[    0.000000] ACPI: Early table checksum verification disabled\u001b[K\u001b[9;25H[    0.000000] ACPI: RSDP 0x00000000000F68C0 000014 (v00 BOCHS )\u001b[K\u001b[10;25H[    0.000000] ACPI: RSDT 0x000000003FFE15FC 000030 (v01 BOCHS  BXPCRSDT 00000001 BXPC 0\u001b[11;25H0000001)\u001b[K\u001b[12;25H[    0.000000] ACPI: FACP 0x000000003FFE1458 000074 (v01 BOCHS  BXPCFACP 00000001 BXPC 0\u001b[13;25H0000001)\u001b[K\u001b[14;25H[    0.000000] ACPI: DSDT 0x000000003FFE0040 001418 (v01 BOCHS  BXPCDSDT 00000001 BXPC 0\u001b[15;25H0000001)\u001b[K\u001b[16;25H[    0.000000] ACPI: FACS 0x000000003FFE0000 000040\u001b[K\u001b[17;25H[    0.000000] ACPI: APIC 0x000000003FFE154C 000078 (v01 BOCHS  BXPCAPIC 00000001 BXPC 0\u001b[18;25H0000001)\u001b[K\u001b[19;25H[    0.000000] ACPI: HPET 0x000000003FFE15C4 000038 (v01 BOCHS  BXPCHPET 00000001 BXPC 0\u001b[20;25H0000001)\u001b[K\u001b[21;25H[    0.000000] No NUMA configuration found\u001b[K\u001b[22;25H[    0.000000] Faking a node at [mem 0x0000000000000000-0x000000003ffdffff]\u001b[K\u001b[23;25H[    0.000000] NODE_DATA(0) a"]
[19.417939, "o", "llocated [mem 0x3ffb5000-0x3ffdffff]\u001b[K\u001b[24;25H[    0.000000] kvm-clock: cpu 0, msr 0:3ff34001, primary cpu clock\u001b[K\u001b[25;25H[    0.000000] kvm-clock: Using msrs 4b564d01 and 4b564d00\u001b[K\u001b[26;25H[    0.000000] kvm-clock: using sched offset of 10323230671 cycles\u001b[K\u001b[27;25H[    0.000000] clocksource: kvm-clock: mask: 0xffffffffffffffff max_cycles: 0x1cd42e4dff\u001b[28;25Hb, max_idle_ns: 881590591483 ns\u001b[K\u001b[29;25H\u001b[K\u001b[?12l\u001b[?25h"]
[19.418051, "o", "[    0.000000] "]
[19.418106, "o", "Z"]
[19.418245, "o", "one ranges:\u001b[25G"]
[19.418314, "o", "\u001b[?25l\u001b[7d[    0.000000] ACPI: Early table checksum verification disabled\u001b[K\u001b[8;25H[    0.000000] ACPI: RSDP 0x00000000000F68C0 000014 (v00 BOCHS )\u001b[K\u001b[9;25H[    0.000000] ACPI: RSDT 0x000000003FFE15FC 000030 (v01 BOCHS  BXPCRSDT 00000001 BXPC 0\u001b[10;25H0000001)\u001b[K\u001b[11;25H[    0.000000] ACPI: FACP 0x000000003FFE1458 000074 (v01 BOCHS  BXPCFACP 00000001 BXPC 0\u001b[12;25H0000001)\u001b[K\u001b[13;25H[    0.000000] ACPI: DSDT 0x000000003FFE0040 001418 (v01 BOCHS  BXPCDSDT 00000001 BXPC 0\u001b[14;25H0000001)\u001b[K\u001b[15;25H[    0.000000] ACPI: FACS 0x000000003FFE0000 000040\u001b[K\u001b[16;25H[    0.000000] ACPI: APIC 0x000000003FFE154C 000078 (v01 BOCHS  BXPCAPIC 00000001 BXPC 0\u001b[17;25H0000001)\u001b[K\u001b[18;25H[    0.000000] ACPI: HPET 0x000000003FFE15C4 000038 (v01 BOCHS  BXPCHPET 00000001 BXPC 0\u001b[19;25H0000001)\u001b[K\u001b[20;25H[    0.000000] No NUMA configuration found\u001b[K\u001b[21;25H[    0.000000] Faking a node at [mem 0x0000000000000000-0x000000003ffdffff]\u001b[K\u001b[22;25H[    0.000000] NODE_DATA(0) allocated [mem 0x3ffb5000-0x3ffdffff]\u001b[K\u001b[23;25H[    0.000000] "]
[19.41834, "o", "kvm-clock: cpu 0, msr 0:3ff34001, primary cpu clock\u001b[K\u001b[24;25H[    0.000000] kvm-clock: Using msrs 4b564d01 and 4b564d00\u001b[K\u001b[25;25H[    0.000000] kvm-clock: using sched offset of 10323230671 cycles\u001b[K\u001b[26;25H[    0.000000] clocksource: kvm-clock: mask: 0xffffffffffffffff max_cycles: 0x1cd42e4dff\u001b[27;25Hb, max_idle_ns: 881590591483 ns\u001b[K\u001b[28;25H[    0.000000] Zone ranges:\u001b[K\u001b[29;25H\u001b[K\u001b[?12l\u001b[?25h["]
[19.418453, "o", "    0.000000]   "]
[19.418543, "o", "DMA  "]
[19.418634, "o", "    [m"]
[19.418727, "o", "em 0x00"]
[19.418817, "o", "0000000"]
[19.418907, "o", "0001000"]
[19.418998, "o", "-0x0000"]
[19.419088, "o", "000000f"]
[19.41918, "o", "fffff]\u001b[25G"]
[19.41933, "o", "\u001b[?25l\u001b[7d[    0.000000] ACPI: RSDP 0x00000000000F68C0 000014 (v00 BOCHS )\u001b[K\u001b[8;25H[    0.000000] ACPI: RSDT 0x000000003FFE15FC 000030 (v01 BOCHS  BXPCRSDT 00000001 BXPC 0\u001b[9;25H0000001)\u001b[K\u001b[10;25H[    0.000000] ACPI: FACP 0x000000003FFE1458 000074 (v01 BOCHS  BXPCFACP 00000001 BXPC 0\u001b[11;25H0000001)\u001b[K\u001b[12;25H[    0.000000] ACPI: DSDT 0x000000003FFE0040 001418 (v01 BOCHS  BXPCDSDT 00000001 BXPC 0\u001b[13;25H0000001)\u001b[K\u001b[14;25H[    0.000000] ACPI: FACS 0x000000003FFE0000 000040\u001b[K\u001b[15;25H[    0.000000] ACPI: APIC 0x000000003FFE154C 000078 (v01 BOCHS  BXPCAPIC 00000001 BXPC 0\u001b[16;25H0000001)\u001b[K\u001b[17;25H[    0.000000] ACPI: HPET 0x000000003FFE15C4 000038 (v01 BOCHS  BXPCHPET 00000001 BXPC 0\u001b[18;25H0000001)\u001b[K\u001b[19;25H[    0.000000] No NUMA configuration found\u001b[K\u001b[20;25H[    0.000000] Faking a node at [mem 0x0000000000000000-0x000000003ffdffff]\u001b[K\u001b[21;25H[    0.000000] NODE_DATA(0) allocated [mem 0x3ffb5000-0x3ffdffff]\u001b[K\u001b[22;25H[    0.000000] kvm-clock: cpu 0, msr 0:3ff34001, primary cpu clock\u001b[K\u001b[23;25H[    0.00000"]
[19.419355, "o", "0] kvm-clock: Using msrs 4b564d01 and 4b564d00\u001b[K\u001b[24;25H[    0.000000] kvm-clock: using sched offset of 10323230671 cycles\u001b[K\u001b[25;25H[    0.000000] clocksource: kvm-clock: mask: 0xffffffffffffffff max_cycles: 0x1cd42e4dff\u001b[26;25Hb, max_idle_ns: 881590591483 ns\u001b[K\u001b[27;25H[    0.000000] Zone ranges:\u001b[K\u001b[28;25H[    0.000000]   DMA      [mem 0x0000000000001000-0x0000000000ffffff]\u001b[K\u001b[29;25H\u001b[K\u001b[?12l\u001b[?25h[   "]
[19.419523, "o", " 0.000000]   DMA32 "]
[19.419547, "o", "   "]
[19.419652, "o", "[mem 0x"]
[19.422294, "o", "\u001b[?25l\u001b[7;25H0000001)\u001b[K\u001b[8;25H[    0.000000] ACPI: FACS 0x000000003FFE0000 000040\u001b[K\u001b[9;25H[    0.000000] ACPI: APIC 0x000000003FFE154C 000078 (v01 BOCHS  BXPCAPIC 00000001 BXPC 0\u001b[10;25H0000001)\u001b[K\u001b[11;25H[    0.000000] ACPI: HPET 0x000000003FFE15C4 000038 (v01 BOCHS  BXPCHPET 00000001 BXPC 0\u001b[12;25H0000001)\u001b[K\u001b[13;25H[    0.000000] No NUMA configuration found\u001b[K\u001b[14;25H[    0.000000] Faking a node at [mem 0x0000000000000000-0x000000003ffdffff]\u001b[K\u001b[15;25H[    0.000000] NODE_DATA(0) allocated [mem 0x3ffb5000-0x3ffdffff]\u001b[K\u001b[16;25H[    0.000000] kvm-clock: cpu 0, msr 0:3ff34001, primary cpu clock\u001b[K\u001b[17;25H[    0.000000] kvm-clock: Using msrs 4b564d01 and 4b564d00\u001b[K\u001b[18;25H[    0.000000] kvm-clock: using sched offset of 10323230671 cycles\u001b[K\u001b[19;25H[    0.000000] clocksource: kvm-clock: mask: 0xffffffffffffffff max_cycles: 0x1cd42e4dff\u001b[20;25Hb, max_idle_ns: 881590591483 ns\u001b[K\u001b[21;25H[    0.000000] Zone ranges:\u001b[K\u001b[22;25H[    0.000000]   DMA      [mem 0x0000000000001000-0x0000000000ffffff]\u001b[K\u001b[23;25H[    0.0"]
[19.422333, "o", "00000]   DMA32    [mem 0x0000000001000000-0x000000003ffdffff]\u001b[K\u001b[24;25H[    0.000000]   Normal   empty\u001b[K\u001b[25;25H[    0.000000]   Device   empty\u001b[K\u001b[26;25H[    0.000000] Movable zone start for each node\u001b[K\u001b[27;25H[    0.000000] Early memory node ranges\u001b[K\u001b[28;25H[    0.000000]   node   0: [mem 0x0000000000001000-0x000000000009efff]\u001b[K\u001b[29;25H[\u001b[K\u001b[2C\u001b[?12l\u001b[?25h  0.00000"]
[19.422509, "o", "0]   node   0:"]
[19.422646, "o", " [mem 0x"]
[19.422742, "o", "000000"]
[19.422826, "o", "000010"]
[19.422902, "o", "0000-0"]
[19.423049, "o", "x000000003"]
[19.423129, "o", "ffdfff"]
[19.423273, "o", "\u001b[?25l\u001b[7;25H[    0.000000] ACPI: FACS 0x000000003FFE0000 000040\u001b[K\u001b[8;25H[    0.000000] ACPI: APIC 0x000000003FFE154C 000078 (v01 BOCHS  BXPCAPIC 00000001 BXPC 0\u001b[9;25H0000001)\u001b[K\u001b[10;25H[    0.000000] ACPI: HPET 0x000000003FFE15C4 000038 (v01 BOCHS  BXPCHPET 00000001 BXPC 0\u001b[11;25H0000001)\u001b[K\u001b[12;25H[    0.000000] No NUMA configuration found\u001b[K\u001b[13;25H[    0.000000] Faking a node at [mem 0x0000000000000000-0x000000003ffdffff]\u001b[K\u001b[14;25H[    0.000000] NODE_DATA(0) allocated [mem 0x3ffb5000-0x3ffdffff]\u001b[K\u001b[15;25H[    0.000000] kvm-clock: cpu 0, msr 0:3ff34001, primary cpu clock\u001b[K\u001b[16;25H[    0.000000] kvm-clock: Using msrs 4b564d01 and 4b564d00\u001b[K\u001b[17;25H[    0.000000] kvm-clock: using sched offset of 10323230671 cycles\u001b[K\u001b[18;25H[    0.000000] clocksource: kvm-clock: mask: 0xffffffffffffffff max_cycles: 0x1cd42e4dff\u001b[19;25Hb, max_idle_ns: 881590591483 ns\u001b[K\u001b[20;25H[    0.000000] Zone ranges:\u001b[K\u001b[21;25H[    0.000000]   DMA      [mem 0x0000000000001000-0x0000000000ffffff]\u001b[K\u001b[22;25H[    0.000000]   DMA32    ["]
[19.42334, "o", "mem 0x0000000001000000-0x000000003ffdffff]\u001b[K\u001b[23;25H[    0.000000]   Normal   empty\u001b[K\u001b[24;25H[    0.000000]   Device   empty\u001b[K\u001b[25;25H[    0.000000] Movable zone start for each node\u001b[K\u001b[26;25H[    0.000000] Early memory node ranges\u001b[K\u001b[27;25H[    0.000000]   node   0: [mem 0x0000000000001000-0x000000000009efff]\u001b[K\u001b[28;25H[    0.000000]   node   0: [mem 0x0000000000100000-0x000000003ffdffff]\u001b[K\u001b[29;25H\u001b[K\u001b[?12l\u001b[?25h"]
[19.425956, "o", "\u001b[?25l\u001b[7d0000001)\u001b[K\u001b[8;25H[    0.000000] No NUMA configuration found\u001b[K\u001b[9;25H[    0.000000] Faking a node at [mem 0x0000000000000000-0x000000003ffdffff]\u001b[K\u001b[10;25H[    0.000000] NODE_DATA(0) allocated [mem 0x3ffb5000-0x3ffdffff]\u001b[K\u001b[11;25H[    0.000000] kvm-clock: cpu 0, msr 0:3ff34001, primary cpu clock\u001b[K\u001b[12;25H[    0.000000] kvm-clock: Using msrs 4b564d01 and 4b564d00\u001b[K\u001b[13;25H[    0.000000] kvm-clock: using sched offset of 10323230671 cycles\u001b[K\u001b[14;25H[    0.000000] clocksource: kvm-clock: mask: 0xffffffffffffffff max_cycles: 0x1cd42e4dff\u001b[15;25Hb, max_idle_ns: 881590591483 ns\u001b[K\u001b[16;25H[    0.000000] Zone ranges:\u001b[K\u001b[17;25H[    0.000000]   DMA      [mem 0x0000000000001000-0x0000000000ffffff]\u001b[K\u001b[18;25H[    0.000000]   DMA32    [mem 0x0000000001000000-0x000000003ffdffff]\u001b[K\u001b[19;25H[    0.000000]   Normal   empty\u001b[K\u001b[20;25H[    0.000000]   Device   empty\u001b[K\u001b[21;25H[    0.000000] Movable zone start for each node\u001b[K\u001b[22;25H[    0.000000] Early memory node ranges\u001b[K\u001b[23;25H[    0.000000]   node   0: [mem"]
[19.426077, "o", " 0x0000000000001000-0x000000000009efff]\u001b[K\u001b[24;25H[    0.000000]   node   0: [mem 0x0000000000100000-0x000000003ffdffff]\u001b[K\u001b[25;25H[    0.000000] Reserved but unavailable: 98 pages\u001b[K\u001b[26;25H[    0.000000] Initmem setup node 0 [mem 0x0000000000001000-0x000000003ffdffff]\u001b[K\u001b[27;25H[    0.000000] ACPI: PM-Timer IO Port: 0x608\u001b[K\u001b[28;25H[    0.000000] ACPI: LAPIC_NMI (acpi_id[0xff] dfl dfl lint[0x1])\u001b[K\u001b[29;25H[    0.000000] IOAPIC[0]: apic_id 0,\u001b[K\u001b[?12l\u001b[?25h version "]
[19.426167, "o", "17, a"]
[19.426291, "o", "ddress "]
[19.426424, "o", "0xfec0"]
[19.426546, "o", "0000, "]
[19.42668, "o", "GSI 0-23"]
[19.42679, "o", "\u001b[?25l\u001b[7;25H[    0.000000] No NUMA configuration found\u001b[K\u001b[8;25H[    0.000000] Faking a node at [mem 0x0000000000000000-0x000000003ffdffff]\u001b[K\u001b[9;25H[    0.000000] NODE_DATA(0) allocated [mem 0x3ffb5000-0x3ffdffff]\u001b[K\u001b[10;25H[    0.000000] kvm-clock: cpu 0, msr 0:3ff34001, primary cpu clock\u001b[K\u001b[11;25H[    0.000000] kvm-clock: Using msrs 4b564d01 and 4b564d00\u001b[K\u001b[12;25H[    0.000000] kvm-clock: using sched offset of 10323230671 cycles\u001b[K\u001b[13;25H[    0.000000] clocksource: kvm-clock: mask: 0xffffffffffffffff max_cycles: 0x1cd42e4dff\u001b[14;25Hb, max_idle_ns: 881590591483 ns\u001b[K\u001b[15;25H[    0.000000] Zone ranges:\u001b[K\u001b[16;25H[    0.000000]   DMA      [mem 0x0000000000001000-0x0000000000ffffff]\u001b[K\u001b[17;25H[    0.000000]   DMA32    [mem 0x0000000001000000-0x000000003ffdffff]\u001b[K\u001b[18;25H[    0.000000]   Normal   empty\u001b[K\u001b[19;25H[    0.000000]   Device   empty\u001b[K\u001b[20;25H[    0.000000] Movable zone start for each node\u001b[K\u001b[21;25H[    0.000000] Early memory node ranges\u001b[K\u001b[22;25H[    0.000000]   node   0: [mem 0x0000000000001"]
[19.426816, "o", "000-0x000000000009efff]\u001b[K\u001b[23;25H[    0.000000]   node   0: [mem 0x0000000000100000-0x000000003ffdffff]\u001b[K\u001b[24;25H[    0.000000] Reserved but unavailable: 98 pages\u001b[K\u001b[25;25H[    0.000000] Initmem setup node 0 [mem 0x0000000000001000-0x000000003ffdffff]\u001b[K\u001b[26;25H[    0.000000] ACPI: PM-Timer IO Port: 0x608\u001b[K\u001b[27;25H[    0.000000] ACPI: LAPIC_NMI (acpi_id[0xff] dfl dfl lint[0x1])\u001b[K\u001b[28;25H[    0.000000] IOAPIC[0]: apic_id 0, version 17, address 0xfec00000, GSI 0-23\u001b[K\u001b[29;25H\u001b[K\u001b[?12l\u001b[?25h"]
[19.426905, "o", "[    0.0"]
[19.427035, "o", "00000] ACPI: I"]
[19.427138, "o", "NT_"]
[19.427199, "o", "SRC_OVR "]
[19.427308, "o", "(bus 0 bus_"]
[19.427454, "o", "irq 0 globa"]
[19.427541, "o", "l_"]
[19.427617, "o", "irq 2"]
[19.427804, "o", "\u001b[?25l\u001b[7;25H[    0.000000] Faking a node at [mem 0x0000000000000000-0x000000003ffdffff]\u001b[K\u001b[8;25H[    0.000000] NODE_DATA(0) allocated [mem 0x3ffb5000-0x3ffdffff]\u001b[K\u001b[9;25H[    0.000000] kvm-clock: cpu 0, msr 0:3ff34001, primary cpu clock\u001b[K\u001b[10;25H[    0.000000] kvm-clock: Using msrs 4b564d01 and 4b564d00\u001b[K\u001b[11;25H[    0.000000] kvm-clock: using sched offset of 10323230671 cycles\u001b[K\u001b[12;25H[    0.000000] clocksource: kvm-clock: mask: 0xffffffffffffffff max_cycles: 0x1cd42e4dff\u001b[13;25Hb, max_idle_ns: 881590591483 ns\u001b[K\u001b[14;25H[    0.000000] Zone ranges:\u001b[K\u001b[15;25H[    0.000000]   DMA      [mem 0x0000000000001000-0x0000000000ffffff]\u001b[K\u001b[16;25H[    0.000000]   DMA32    [mem 0x0000000001000000-0x000000003ffdffff]\u001b[K\u001b[17;25H[    0.000000]   Normal   empty\u001b[K\u001b[18;25H[    0.000000]   Device   empty\u001b[K\u001b[19;25H[    0.000000] Movable zone start for each node\u001b[K\u001b[20;25H[    0.000000] Early memory node ranges\u001b[K\u001b[21;25H[    0.000000]   node   0: [mem 0x0000000000001000-0x000000000009efff]\u001b[K\u001b[22;25H[    0.000000]   no"]
[19.427833, "o", "de   0: [mem 0x0000000000100000-0x000000003ffdffff]\u001b[K\u001b[23;25H[    0.000000] Reserved but unavailable: 98 pages\u001b[K\u001b[24;25H[    0.000000] Initmem setup node 0 [mem 0x0000000000001000-0x000000003ffdffff]\u001b[K\u001b[25;25H[    0.000000] ACPI: PM-Timer IO Port: 0x608\u001b[K\u001b[26;25H[    0.000000] ACPI: LAPIC_NMI (acpi_id[0xff] dfl dfl lint[0x1])\u001b[K\u001b[27;25H[    0.000000] IOAPIC[0]: apic_id 0, version 17, address 0xfec00000, GSI 0-23\u001b[K\u001b[28;25H[    0.000000] ACPI: INT_SRC_OVR (bus 0 bus_irq 0 global_irq 2 dfl dfl)\u001b[K\u001b[29;25H\u001b[K\u001b[?12l\u001b[?25h[ "]
[19.427852, "o", "   0.0000"]
[19.427988, "o", "00] ACPI: I"]
[19.428147, "o", "NT_SRC_OVR"]
[19.428219, "o", " (bu"]
[19.428497, "o", "s 0 bus_irq 5 glob"]
[19.428592, "o", "al_irq 5 h"]
[19.430244, "o", "\u001b[?25l\u001b[7;25H[    0.000000] kvm-clock: Using msrs 4b564d01 and 4b564d00\u001b[K\u001b[8;25H[    0.000000] kvm-clock: using sched offset of 10323230671 cycles\u001b[K\u001b[9;25H[    0.000000] clocksource: kvm-clock: mask: 0xffffffffffffffff max_cycles: 0x1cd42e4dff\u001b[10;25Hb, max_idle_ns: 881590591483 ns\u001b[K\u001b[11;25H[    0.000000] Zone ranges:\u001b[K\u001b[12;25H[    0.000000]   DMA      [mem 0x0000000000001000-0x0000000000ffffff]\u001b[K\u001b[13;25H[    0.000000]   DMA32    [mem 0x0000000001000000-0x000000003ffdffff]\u001b[K\u001b[14;25H[    0.000000]   Normal   empty\u001b[K\u001b[15;25H[    0.000000]   Device   empty\u001b[K\u001b[16;25H[    0.000000] Movable zone start for each node\u001b[K\u001b[17;25H[    0.000000] Early memory node ranges\u001b[K\u001b[18;25H[    0.000000]   node   0: [mem 0x0000000000001000-0x000000000009efff]\u001b[K\u001b[19;25H[    0.000000]   node   0: [mem 0x0000000000100000-0x000000003ffdffff]\u001b[K\u001b[20;25H[    0.000000] Reserved but unavailable: 98 pages\u001b[K\u001b[21;25H[    0.000000] Initmem setup node 0 [mem 0x0000000000001000-0x000000003ffdffff]\u001b[K\u001b[22;25H[    0.000000] ACPI: PM-Tim"]
[19.430324, "o", "er IO Port: 0x608\u001b[K\u001b[23;25H[    0.000000] ACPI: LAPIC_NMI (acpi_id[0xff] dfl dfl lint[0x1])\u001b[K\u001b[24;25H[    0.000000] IOAPIC[0]: apic_id 0, version 17, address 0xfec00000, GSI 0-23\u001b[K\u001b[25;25H[    0.000000] ACPI: INT_SRC_OVR (bus 0 bus_irq 0 global_irq 2 dfl dfl)\u001b[K\u001b[26;25H[    0.000000] ACPI: INT_SRC_OVR (bus 0 bus_irq 5 global_irq 5 high level)\u001b[K\u001b[27;25H[    0.000000] ACPI: INT_SRC_OVR (bus 0 bus_irq 9 global_irq 9 high level)\u001b[K\u001b[28;25H[    0.000000] ACPI: INT_SRC_OVR (bus 0 bus_irq 10 global_irq 10 high level)\u001b[K\u001b[29;25H[\u001b[K\u001b[?12l\u001b[?25h    0.000000"]
[19.430492, "o", "] ACPI: INT_SRC_O"]
[19.430608, "o", "VR (bus "]
[19.43071, "o", "0 bus_i"]
[19.430844, "o", "rq 11"]
[19.430893, "o", " global"]
[19.431036, "o", "_i"]
[19.431098, "o", "rq 11 high lev"]
[19.43128, "o", "\u001b[?25l\u001b[7;25H[    0.000000] kvm-clock: using sched offset of 10323230671 cycles\u001b[K\u001b[8;25H[    0.000000] clocksource: kvm-clock: mask: 0xffffffffffffffff max_cycles: 0x1cd42e4dff\u001b[9;25Hb, max_idle_ns: 881590591483 ns\u001b[K\u001b[10;25H[    0.000000] Zone ranges:\u001b[K\u001b[11;25H[    0.000000]   DMA      [mem 0x0000000000001000-0x0000000000ffffff]\u001b[K\u001b[12;25H[    0.000000]   DMA32    [mem 0x0000000001000000-0x000000003ffdffff]\u001b[K\u001b[13;25H[    0.000000]   Normal   empty\u001b[K\u001b[14;25H[    0.000000]   Device   empty\u001b[K\u001b[15;25H[    0.000000] Movable zone start for each node\u001b[K\u001b[16;25H[    0.000000] Early memory node ranges\u001b[K\u001b[17;25H[    0.000000]   node   0: [mem 0x0000000000001000-0x000000000009efff]\u001b[K\u001b[18;25H[    0.000000]   node   0: [mem 0x0000000000100000-0x000000003ffdffff]\u001b[K\u001b[19;25H[    0.000000] Reserved but unavailable: 98 pages\u001b[K\u001b[20;25H[    0.000000] Initmem setup node 0 [mem 0x0000000000001000-0x000000003ffdffff]\u001b[K\u001b[21;25H[    0.000000] ACPI: PM-Timer IO Port: 0x608\u001b[K\u001b[22;25H[    0.000000] ACPI: LAPIC_NMI (acpi_id[0"]
[19.431404, "o", "xff] dfl dfl lint[0x1])\u001b[K\u001b[23;25H[    0.000000] IOAPIC[0]: apic_id 0, version 17, address 0xfec00000, GSI 0-23\u001b[K\u001b[24;25H[    0.000000] ACPI: INT_SRC_OVR (bus 0 bus_irq 0 global_irq 2 dfl dfl)\u001b[K\u001b[25;25H[    0.000000] ACPI: INT_SRC_OVR (bus 0 bus_irq 5 global_irq 5 high level)\u001b[K\u001b[26;25H[    0.000000] ACPI: INT_SRC_OVR (bus 0 bus_irq 9 global_irq 9 high level)\u001b[K\u001b[27;25H[    0.000000] ACPI: INT_SRC_OVR (bus 0 bus_irq 10 global_irq 10 high level)\u001b[K\u001b[28;25H[    0.000000] ACPI: INT_SRC_OVR (bus 0 bus_irq 11 global_irq 11 high level)\u001b[K\u001b[29;25H[\u001b[K\u001b[?12l\u001b[?25h    0.000000"]
[19.431509, "o", "] Using "]
[19.431627, "o", "ACPI (MADT) for S"]
[19.435728, "o", "\u001b[?25l\u001b[7;25Hb, max_idle_ns: 881590591483 ns\u001b[K\u001b[8;25H[    0.000000] Zone ranges:\u001b[K\u001b[9;25H[    0.000000]   DMA      [mem 0x0000000000001000-0x0000000000ffffff]\u001b[K\u001b[10;25H[    0.000000]   DMA32    [mem 0x0000000001000000-0x000000003ffdffff]\u001b[K\u001b[11;25H[    0.000000]   Normal   empty\u001b[K\u001b[12;25H[    0.000000]   Device   empty\u001b[K\u001b[13;25H[    0.000000] Movable zone start for each node\u001b[K\u001b[14;25H[    0.000000] Early memory node ranges\u001b[K\u001b[15;25H[    0.000000]   node   0: [mem 0x0000000000001000-0x000000000009efff]\u001b[K\u001b[16;25H[    0.000000]   node   0: [mem 0x0000000000100000-0x000000003ffdffff]\u001b[K\u001b[17;25H[    0.000000] Reserved but unavailable: 98 pages\u001b[K\u001b[18;25H[    0.000000] Initmem setup node 0 [mem 0x0000000000001000-0x000000003ffdffff]\u001b[K\u001b[19;25H[    0.000000] ACPI: PM-Timer IO Port: 0x608\u001b[K\u001b[20;25H[    0.000000] ACPI: LAPIC_NMI (acpi_id[0xff] dfl dfl lint[0x1])\u001b[K\u001b[21;25H[    0.000000] IOAPIC[0]: apic_id 0, version 17, address 0xfec00000, GSI 0-23\u001b[K\u001b[22;25H[    0.000000] ACPI: INT_SRC_OVR (bus 0 bus_irq 0 g"]
[19.43576, "o", "lobal_irq 2 dfl dfl)\u001b[K\u001b[23;25H[    0.000000] ACPI: INT_SRC_OVR (bus 0 bus_irq 5 global_irq 5 high level)\u001b[K\u001b[24;25H[    0.000000] ACPI: INT_SRC_OVR (bus 0 bus_irq 9 global_irq 9 high level)\u001b[K\u001b[25;25H[    0.000000] ACPI: INT_SRC_OVR (bus 0 bus_irq 10 global_irq 10 high level)\u001b[K\u001b[26;25H[    0.000000] ACPI: INT_SRC_OVR (bus 0 bus_irq 11 global_irq 11 high level)\u001b[K\u001b[27;25H[    0.000000] Using ACPI (MADT) for SMP configuration information\u001b[K\u001b[28;25H[    0.000000] ACPI: HPET id: 0x8086a201 base: 0xfed00000\u001b[K\u001b[29;25H[    0.000000] smpboot: Allowing 1 CPUs, 0 hotplug CPUs\u001b[K\u001b[25G\u001b[?12l\u001b[?25h"]
[19.435883, "o", "\u001b[?25l\u001b[7d[    0.000000]   DMA32    [mem 0x0000000001000000-0x000000003ffdffff]\u001b[K\u001b[8;25H[    0.000000]   Normal   empty\u001b[K\u001b[9;25H[    0.000000]   Device   empty\u001b[K\u001b[10;25H[    0.000000] Movable zone start for each node\u001b[K\u001b[11;25H[    0.000000] Early memory node ranges\u001b[K\u001b[12;25H[    0.000000]   node   0: [mem 0x0000000000001000-0x000000000009efff]\u001b[K\u001b[13;25H[    0.000000]   node   0: [mem 0x0000000000100000-0x000000003ffdffff]\u001b[K\u001b[14;25H[    0.000000] Reserved but unavailable: 98 pages\u001b[K\u001b[15;25H[    0.000000] Initmem setup node 0 [mem 0x0000000000001000-0x000000003ffdffff]\u001b[K\u001b[16;25H[    0.000000] ACPI: PM-Timer IO Port: 0x608\u001b[K\u001b[17;25H[    0.000000] ACPI: LAPIC_NMI (acpi_id[0xff] dfl dfl lint[0x1])\u001b[K\u001b[18;25H[    0.000000] IOAPIC[0]: apic_id 0, version 17, address 0xfec00000, GSI 0-23\u001b[K\u001b[19;25H[    0.000000] ACPI: INT_SRC_OVR (bus 0 bus_irq 0 global_irq 2 dfl dfl)\u001b[K\u001b[20;25H[    0.000000] ACPI: INT_SRC_OVR (bus 0 bus_irq 5 global_irq 5 high level)\u001b[K\u001b[21;25H[    0.000000] ACPI: INT_SRC_OVR (bus 0 bus_irq"]
[19.435906, "o", " 9 global_irq 9 high level)\u001b[K\u001b[22;25H[    0.000000] ACPI: INT_SRC_OVR (bus 0 bus_irq 10 global_irq 10 high level)\u001b[K\u001b[23;25H[    0.000000] ACPI: INT_SRC_OVR (bus 0 bus_irq 11 global_irq 11 high level)\u001b[K\u001b[24;25H[    0.000000] Using ACPI (MADT) for SMP configuration information\u001b[K\u001b[25;25H[    0.000000] ACPI: HPET id: 0x8086a201 base: 0xfed00000\u001b[K\u001b[26;25H[    0.000000] smpboot: Allowing 1 CPUs, 0 hotplug CPUs\u001b[K\u001b[27;25H[    0.000000] PM: Registered nosave memory: [mem 0x00000000-0x00000fff]\u001b[K\u001b[28;25H[    0.000000] PM: Registered nosave memory: [mem 0x0009f000-0x0009ffff]\u001b[K\u001b[29;25H[    0.000000] PM: Registered nosave memory: [mem 0x000a0000-0x000\u001b[K\u001b[?12l\u001b[?25h"]
[19.435997, "o", "\u001b[?25l\u001b[7;25H[    0.000000]   Normal   empty\u001b[K\u001b[8;25H[    0.000000]   Device   empty\u001b[K\u001b[9;25H[    0.000000] Movable zone start for each node\u001b[K\u001b[10;25H[    0.000000] Early memory node ranges\u001b[K\u001b[11;25H[    0.000000]   node   0: [mem 0x0000000000001000-0x000000000009efff]\u001b[K\u001b[12;25H[    0.000000]   node   0: [mem 0x0000000000100000-0x000000003ffdffff]\u001b[K\u001b[13;25H[    0.000000] Reserved but unavailable: 98 pages\u001b[K\u001b[14;25H[    0.000000] Initmem setup node 0 [mem 0x0000000000001000-0x000000003ffdffff]\u001b[K\u001b[15;25H[    0.000000] ACPI: PM-Timer IO Port: 0x608\u001b[K\u001b[16;25H[    0.000000] ACPI: LAPIC_NMI (acpi_id[0xff] dfl dfl lint[0x1])\u001b[K\u001b[17;25H[    0.000000] IOAPIC[0]: apic_id 0, version 17, address 0xfec00000, GSI 0-23\u001b[K\u001b[18;25H[    0.000000] ACPI: INT_SRC_OVR (bus 0 bus_irq 0 global_irq 2 dfl dfl)\u001b[K\u001b[19;25H[    0.000000] ACPI: INT_SRC_OVR (bus 0 bus_irq 5 global_irq 5 high level)\u001b[K\u001b[20;25H[    0.000000] ACPI: INT_SRC_OVR (bus 0 bus_irq 9 global_irq 9 high level)\u001b[K\u001b[21;25H[    0.000000] ACPI: INT_SRC_OVR (bus 0"]
[19.436018, "o", " bus_irq 10 global_irq 10 high level)\u001b[K\u001b[22;25H[    0.000000] ACPI: INT_SRC_OVR (bus 0 bus_irq 11 global_irq 11 high level)\u001b[K\u001b[23;25H[    0.000000] Using ACPI (MADT) for SMP configuration information\u001b[K\u001b[24;25H[    0.000000] ACPI: HPET id: 0x8086a201 base: 0xfed00000\u001b[K\u001b[25;25H[    0.000000] smpboot: Allowing 1 CPUs, 0 hotplug CPUs\u001b[K\u001b[26;25H[    0.000000] PM: Registered nosave memory: [mem 0x00000000-0x00000fff]\u001b[K\u001b[27;25H[    0.000000] PM: Registered nosave memory: [mem 0x0009f000-0x0009ffff]\u001b[K\u001b[28;25H[    0.000000] PM: Registered nosave memory: [mem 0x000a0000-0x000effff]\u001b[K\u001b[29;25H\u001b[K\u001b[?12l\u001b[?25h"]
[19.438611, "o", "\u001b[?25l\u001b[7d[    0.000000] Movable zone start for each node\u001b[K\u001b[8;25H[    0.000000] Early memory node ranges\u001b[K\u001b[9;25H[    0.000000]   node   0: [mem 0x0000000000001000-0x000000000009efff]\u001b[K\u001b[10;25H[    0.000000]   node   0: [mem 0x0000000000100000-0x000000003ffdffff]\u001b[K\u001b[11;25H[    0.000000] Reserved but unavailable: 98 pages\u001b[K\u001b[12;25H[    0.000000] Initmem setup node 0 [mem 0x0000000000001000-0x000000003ffdffff]\u001b[K\u001b[13;25H[    0.000000] ACPI: PM-Timer IO Port: 0x608\u001b[K\u001b[14;25H[    0.000000] ACPI: LAPIC_NMI (acpi_id[0xff] dfl dfl lint[0x1])\u001b[K\u001b[15;25H[    0.000000] IOAPIC[0]: apic_id 0, version 17, address 0xfec00000, GSI 0-23\u001b[K\u001b[16;25H[    0.000000] ACPI: INT_SRC_OVR (bus 0 bus_irq 0 global_irq 2 dfl dfl)\u001b[K\u001b[17;25H[    0.000000] ACPI: INT_SRC_OVR (bus 0 bus_irq 5 global_irq 5 high level)\u001b[K\u001b[18;25H[    0.000000] ACPI: INT_SRC_OVR (bus 0 bus_irq 9 global_irq 9 high level)\u001b[K\u001b[19;25H[    0.000000] ACPI: INT_SRC_OVR (bus 0 bus_irq 10 global_irq 10 high level)\u001b[K\u001b[20;25H[    0.000000] ACPI: INT_SRC_OVR (bus 0"]
[19.438765, "o", " bus_irq 11 global_irq 11 high level)\u001b[K\u001b[21;25H[    0.000000] Using ACPI (MADT) for SMP configuration information\u001b[K\u001b[22;25H[    0.000000] ACPI: HPET id: 0x8086a201 base: 0xfed00000\u001b[K\u001b[23;25H[    0.000000] smpboot: Allowing 1 CPUs, 0 hotplug CPUs\u001b[K\u001b[24;25H[    0.000000] PM: Registered nosave memory: [mem 0x00000000-0x00000fff]\u001b[K\u001b[25;25H[    0.000000] PM: Registered nosave memory: [mem 0x0009f000-0x0009ffff]\u001b[K\u001b[26;25H[    0.000000] PM: Registered nosave memory: [mem 0x000a0000-0x000effff]\u001b[K\u001b[27;25H[    0.000000] PM: Registered nosave memory: [mem 0x000f0000-0x000fffff]\u001b[K\u001b[28;25H[    0.000000] e820: [mem 0x40000000-0xfeffbfff] available for PCI devices\u001b[K\u001b[29;25H[    0.000000] Booting paravirtu\u001b[K\u001b[?12l\u001b[?25halized kerne"]
[19.438841, "o", "\u001b[?25l\u001b[7;25H[    0.000000] Early memory node ranges\u001b[K\u001b[8;25H[    0.000000]   node   0: [mem 0x0000000000001000-0x000000000009efff]\u001b[K\u001b[9;25H[    0.000000]   node   0: [mem 0x0000000000100000-0x000000003ffdffff]\u001b[K\u001b[10;25H[    0.000000] Reserved but unavailable: 98 pages\u001b[K\u001b[11;25H[    0.000000] Initmem setup node 0 [mem 0x0000000000001000-0x000000003ffdffff]\u001b[K\u001b[12;25H[    0.000000] ACPI: PM-Timer IO Port: 0x608\u001b[K\u001b[13;25H[    0.000000] ACPI: LAPIC_NMI (acpi_id[0xff] dfl dfl lint[0x1])\u001b[K\u001b[14;25H[    0.000000] IOAPIC[0]: apic_id 0, version 17, address 0xfec00000, GSI 0-23\u001b[K\u001b[15;25H[    0.000000] ACPI: INT_SRC_OVR (bus 0 bus_irq 0 global_irq 2 dfl dfl)\u001b[K\u001b[16;25H[    0.000000] ACPI: INT_SRC_OVR (bus 0 bus_irq 5 global_irq 5 high level)\u001b[K\u001b[17;25H[    0.000000] ACPI: INT_SRC_OVR (bus 0 bus_irq 9 global_irq 9 high level)\u001b[K\u001b[18;25H[    0.000000] ACPI: INT_SRC_OVR (bus 0 bus_irq 10 global_irq 10 high level)\u001b[K\u001b[19;25H[    0.000000] ACPI: INT_SRC_OVR (bus 0 bus_irq 11 global_irq 11 high level)\u001b[K\u001b[20;25H[    0."]
[19.438866, "o", "000000] Using ACPI (MADT) for SMP configuration information\u001b[K\u001b[21;25H[    0.000000] ACPI: HPET id: 0x8086a201 base: 0xfed00000\u001b[K\u001b[22;25H[    0.000000] smpboot: Allowing 1 CPUs, 0 hotplug CPUs\u001b[K\u001b[23;25H[    0.000000] PM: Registered nosave memory: [mem 0x00000000-0x00000fff]\u001b[K\u001b[24;25H[    0.000000] PM: Registered nosave memory: [mem 0x0009f000-0x0009ffff]\u001b[K\u001b[25;25H[    0.000000] PM: Registered nosave memory: [mem 0x000a0000-0x000effff]\u001b[K\u001b[26;25H[    0.000000] PM: Registered nosave memory: [mem 0x000f0000-0x000fffff]\u001b[K\u001b[27;25H[    0.000000] e820: [mem 0x40000000-0xfeffbfff] available for PCI devices\u001b[K\u001b[28;25H[    0.000000] Booting paravirtualized kernel on KVM\u001b[K\u001b[29;25H\u001b[K\u001b[?12l\u001b[?25h"]
[19.4423, "o", "\u001b[?25l\u001b[7d[    0.000000] Initmem setup node 0 [mem 0x0000000000001000-0x000000003ffdffff]\u001b[K\u001b[8;25H[    0.000000] ACPI: PM-Timer IO Port: 0x608\u001b[K\u001b[9;25H[    0.000000] ACPI: LAPIC_NMI (acpi_id[0xff] dfl dfl lint[0x1])\u001b[K\u001b[10;25H[    0.000000] IOAPIC[0]: apic_id 0, version 17, address 0xfec00000, GSI 0-23\u001b[K\u001b[11;25H[    0.000000] ACPI: INT_SRC_OVR (bus 0 bus_irq 0 global_irq 2 dfl dfl)\u001b[K\u001b[12;25H[    0.000000] ACPI: INT_SRC_OVR (bus 0 bus_irq 5 global_irq 5 high level)\u001b[K\u001b[13;25H[    0.000000] ACPI: INT_SRC_OVR (bus 0 bus_irq 9 global_irq 9 high level)\u001b[K\u001b[14;25H[    0.000000] ACPI: INT_SRC_OVR (bus 0 bus_irq 10 global_irq 10 high level)\u001b[K\u001b[15;25H[    0.000000] ACPI: INT_SRC_OVR (bus 0 bus_irq 11 global_irq 11 high level)\u001b[K\u001b[16;25H[    0.000000] Using ACPI (MADT) for SMP configuration information\u001b[K\u001b[17;25H[    0.000000] ACPI: HPET id: 0x8086a201 base: 0xfed00000\u001b[K\u001b[18;25H[    0.000000] smpboot: Allowing 1 CPUs, 0 hotplug CPUs\u001b[K\u001b[19;25H[    0.000000] PM: Registered nosave memory: [mem 0x00000000-0x00000fff"]
[19.442769, "o", "]\u001b[K\u001b[20;25H[    0.000000] PM: Registered nosave memory: [mem 0x0009f000-0x0009ffff]\u001b[K\u001b[21;25H[    0.000000] PM: Registered nosave memory: [mem 0x000a0000-0x000effff]\u001b[K\u001b[22;25H[    0.000000] PM: Registered nosave memory: [mem 0x000f0000-0x000fffff]\u001b[K\u001b[23;25H[    0.000000] e820: [mem 0x40000000-0xfeffbfff] available for PCI devices\u001b[K\u001b[24;25H[    0.000000] Booting paravirtualized kernel on KVM\u001b[K\u001b[25;25H[    0.000000] clocksource: refined-jiffies: mask: 0xffffffff max_cycles: 0xffffffff, ma\u001b[26;25Hx_idle_ns: 7645519600211568 ns\u001b[K\u001b[27;25H[    0.000000] random: get_random_bytes called from start_kernel+0x99/0x4fd with crng_in\u001b[28;25Hit=0\u001b[K\u001b[29;25H[    0.000000] setup_percpu: NR_CPUS:8192 nr_cpumask_bits:1 nr_cpu_\u001b[K\u001b[?12l\u001b[?25hids:1 nr_node_ids:1\u001b[25G\u001b[?25l\u001b[7d[    0.000000] ACPI: PM-Timer IO Port: 0x608\u001b[K\u001b[8;25H[    0.000000] ACPI: LAPIC_NMI (acpi_id[0xff] dfl dfl lint[0x1])\u001b[K\u001b[9;25H[    0.000000] IOAPIC[0]: apic_id 0, version 17, address 0xfec00000, GSI 0-23\u001b[K\u001b[10;25H[    0.000000] ACPI: INT_SRC_OVR (b"]
[19.442811, "o", "us 0 bus_irq 0 global_irq 2 dfl dfl)\u001b[K\u001b[11;25H[    0.000000] ACPI: INT_SRC_OVR (bus 0 bus_irq 5 global_irq 5 high level)\u001b[K\u001b[12;25H[    0.000000] ACPI: INT_SRC_OVR (bus 0 bus_irq 9 global_irq 9 high level)\u001b[K\u001b[13;25H[    0.000000] ACPI: INT_SRC_OVR (bus 0 bus_irq 10 global_irq 10 high level)\u001b[K\u001b[14;25H[    0.000000] ACPI: INT_SRC_OVR (bus 0 bus_irq 11 global_irq 11 high level)\u001b[K\u001b[15;25H[    0.000000] Using ACPI (MADT) for SMP configuration information\u001b[K\u001b[16;25H[    0.000000] ACPI: HPET id: 0x8086a201 base: 0xfed00000\u001b[K\u001b[17;25H[    0.000000] smpboot: Allowing 1 CPUs, 0 hotplug CPUs\u001b[K\u001b[18;25H[    0.000000] PM: Registered nosave memory: [mem 0x00000000-0x00000fff]\u001b[K\u001b[19;25H[    0.000000] PM: Registered nosave memory: [mem 0x0009f000-0x0009ffff]\u001b[K\u001b[20;25H[    0.000000] PM: Registered nosave memory: [mem 0x000a0000-0x000effff]\u001b[K\u001b[21;25H[    0.000000] PM: Registered nosave memory: [mem 0x000f0000-0x000fffff]\u001b[K\u001b[22;25H[    0.000000] e820: [mem 0x40000000-0xfeffbfff] available for PCI devices\u001b[K\u001b[23;25H[    "]
[19.442833, "o", "0.000000] Booting paravirtualized kernel on KVM\u001b[K\u001b[24;25H[    0.000000] clocksource: refined-jiffies: mask: 0xffffffff max_cycles: 0xffffffff, ma\u001b[25;25Hx_idle_ns: 7645519600211568 ns\u001b[K\u001b[26;25H[    0.000000] random: get_random_bytes called from start_kernel+0x99/0x4fd with crng_in\u001b[27;25Hit=0\u001b[K\u001b[28;25H[    0.000000] setup_percpu: NR_CPUS:8192 nr_cpumask_bits:1 nr_cpu_ids:1 nr_node_ids:1\u001b[K\u001b[29;25H[\u001b[K\u001b[C\u001b[?12l\u001b[?25h   0.000000] per"]
[19.446363, "o", "\u001b[?25l\u001b[7;25H[    0.000000] ACPI: INT_SRC_OVR (bus 0 bus_irq 5 global_irq 5 high level)\u001b[K\u001b[8;25H[    0.000000] ACPI: INT_SRC_OVR (bus 0 bus_irq 9 global_irq 9 high level)\u001b[K\u001b[9;25H[    0.000000] ACPI: INT_SRC_OVR (bus 0 bus_irq 10 global_irq 10 high level)\u001b[K\u001b[10;25H[    0.000000] ACPI: INT_SRC_OVR (bus 0 bus_irq 11 global_irq 11 high level)\u001b[K\u001b[11;25H[    0.000000] Using ACPI (MADT) for SMP configuration information\u001b[K\u001b[12;25H[    0.000000] ACPI: HPET id: 0x8086a201 base: 0xfed00000\u001b[K\u001b[13;25H[    0.000000] smpboot: Allowing 1 CPUs, 0 hotplug CPUs\u001b[K\u001b[14;25H[    0.000000] PM: Registered nosave memory: [mem 0x00000000-0x00000fff]\u001b[K\u001b[15;25H[    0.000000] PM: Registered nosave memory: [mem 0x0009f000-0x0009ffff]\u001b[K\u001b[16;25H[    0.000000] PM: Registered nosave memory: [mem 0x000a0000-0x000effff]\u001b[K\u001b[17;25H[    0.000000] PM: Registered nosave memory: [mem 0x000f0000-0x000fffff]\u001b[K\u001b[18;25H[    0.000000] e820: [mem 0x40000000-0xfeffbfff] available for PCI devices\u001b[K\u001b[19;25H[    0.000000] Booting paravirtualized ke"]
[19.446576, "o", "rnel on KVM\u001b[K\u001b[20;25H[    0.000000] clocksource: refined-jiffies: mask: 0xffffffff max_cycles: 0xffffffff, ma\u001b[21;25Hx_idle_ns: 7645519600211568 ns\u001b[K\u001b[22;25H[    0.000000] random: get_random_bytes called from start_kernel+0x99/0x4fd with crng_in\u001b[23;25Hit=0\u001b[K\u001b[24;25H[    0.000000] setup_percpu: NR_CPUS:8192 nr_cpumask_bits:1 nr_cpu_ids:1 nr_node_ids:1\u001b[K\u001b[25;25H[    0.000000] percpu: Embedded 45 pages/cpu s147456 r8192 d28672 u2097152\u001b[K\u001b[26;25H[    0.000000] KVM setup async PF for cpu 0\u001b[K\u001b[27;25H[    0.000000] kvm-stealtime: cpu 0, msr 3fc23040\u001b[K\u001b[28;25H[    0.000000] PV qspinlock hash table entries: 256 (order: 0, 4096 bytes)\u001b[K\u001b[29;25H[    0.000000] Built 1 zonelists, mobility grouping\u001b[K\u001b[C\u001b[?12l\u001b[?25hon.  Total pa"]
[19.446688, "o", "\u001b[?25l\u001b[7;25H[    0.000000] ACPI: INT_SRC_OVR (bus 0 bus_irq 9 global_irq 9 high level)\u001b[K\u001b[8;25H[    0.000000] ACPI: INT_SRC_OVR (bus 0 bus_irq 10 global_irq 10 high level)\u001b[K\u001b[9;25H[    0.000000] ACPI: INT_SRC_OVR (bus 0 bus_irq 11 global_irq 11 high level)\u001b[K\u001b[10;25H[    0.000000] Using ACPI (MADT) for SMP configuration information\u001b[K\u001b[11;25H[    0.000000] ACPI: HPET id: 0x8086a201 base: 0xfed00000\u001b[K\u001b[12;25H[    0.000000] smpboot: Allowing 1 CPUs, 0 hotplug CPUs\u001b[K\u001b[13;25H[    0.000000] PM: Registered nosave memory: [mem 0x00000000-0x00000fff]\u001b[K\u001b[14;25H[    0.000000] PM: Registered nosave memory: [mem 0x0009f000-0x0009ffff]\u001b[K\u001b[15;25H[    0.000000] PM: Registered nosave memory: [mem 0x000a0000-0x000effff]\u001b[K\u001b[16;25H[    0.000000] PM: Registered nosave memory: [mem 0x000f0000-0x000fffff]\u001b[K\u001b[17;25H[    0.000000] e820: [mem 0x40000000-0xfeffbfff] available for PCI devices\u001b[K\u001b[18;25H[    0.000000] Booting paravirtualized kernel on KVM\u001b[K\u001b[19;25H[    0.000000] clocksource: refined-jiffies: mask: 0xffffffff m"]
[19.44677, "o", "ax_cycles: 0xffffffff, ma\u001b[20;25Hx_idle_ns: 7645519600211568 ns\u001b[K\u001b[21;25H[    0.000000] random: get_random_bytes called from start_kernel+0x99/0x4fd with crng_in\u001b[22;25Hit=0\u001b[K\u001b[23;25H[    0.000000] setup_percpu: NR_CPUS:8192 nr_cpumask_bits:1 nr_cpu_ids:1 nr_node_ids:1\u001b[K\u001b[24;25H[    0.000000] percpu: Embedded 45 pages/cpu s147456 r8192 d28672 u2097152\u001b[K\u001b[25;25H[    0.000000] KVM setup async PF for cpu 0\u001b[K\u001b[26;25H[    0.000000] kvm-stealtime: cpu 0, msr 3fc23040\u001b[K\u001b[27;25H[    0.000000] PV qspinlock hash table entries: 256 (order: 0, 4096 bytes)\u001b[K\u001b[28;25H[    0.000000] Built 1 zonelists, mobility grouping on.  Total pages: 257897\u001b[K\u001b[29;25H\u001b[K\u001b[?12l\u001b[?25h"]
[19.449448, "o", "\u001b[?25l\u001b[7d[    0.000000] Using ACPI (MADT) for SMP configuration information\u001b[K\u001b[8;25H[    0.000000] ACPI: HPET id: 0x8086a201 base: 0xfed00000\u001b[K\u001b[9;25H[    0.000000] smpboot: Allowing 1 CPUs, 0 hotplug CPUs\u001b[K\u001b[10;25H[    0.000000] PM: Registered nosave memory: [mem 0x00000000-0x00000fff]\u001b[K\u001b[11;25H[    0.000000] PM: Registered nosave memory: [mem 0x0009f000-0x0009ffff]\u001b[K\u001b[12;25H[    0.000000] PM: Registered nosave memory: [mem 0x000a0000-0x000effff]\u001b[K\u001b[13;25H[    0.000000] PM: Registered nosave memory: [mem 0x000f0000-0x000fffff]\u001b[K\u001b[14;25H[    0.000000] e820: [mem 0x40000000-0xfeffbfff] available for PCI devices\u001b[K\u001b[15;25H[    0.000000] Booting paravirtualized kernel on KVM\u001b[K\u001b[16;25H[    0.000000] clocksource: refined-jiffies: mask: 0xffffffff max_cycles: 0xffffffff, ma\u001b[17;25Hx_idle_ns: 7645519600211568 ns\u001b[K\u001b[18;25H[    0.000000] random: get_random_bytes called from start_kernel+0x99/0x4fd with crng_in\u001b[19;25Hit=0\u001b[K\u001b[20;25H[    0.000000] setup_percpu: NR_CPUS:8192 nr_cpumask_bits:1 nr_cpu_ids:1 nr_n"]
[19.44948, "o", "ode_ids:1\u001b[K\u001b[21;25H[    0.000000] percpu: Embedded 45 pages/cpu s147456 r8192 d28672 u2097152\u001b[K\u001b[22;25H[    0.000000] KVM setup async PF for cpu 0\u001b[K\u001b[23;25H[    0.000000] kvm-stealtime: cpu 0, msr 3fc23040\u001b[K\u001b[24;25H[    0.000000] PV qspinlock hash table entries: 256 (order: 0, 4096 bytes)\u001b[K\u001b[25;25H[    0.000000] Built 1 zonelists, mobility grouping on.  Total pages: 257897\u001b[K\u001b[26;25H[    0.000000] Policy zone: DMA32\u001b[K\u001b[27;25H[    0.000000] Kernel command line: BOOT_IMAGE=/casper/vmlinuz boot=casper net.ifnames=0\u001b[28;25H biosdevname=0 hostname=bitscout-host username=user initrd=/casper/initrd.gz noeject nop\u001b[29;25Hrompt console=tty0 console=ttyS0,115200 vga=791 --\u001b[K\u001b[25G\u001b[?12l\u001b[?25h"]
[19.449569, "o", "\u001b[?25l\u001b[7d[    0.000000] ACPI: HPET id: 0x8086a201 base: 0xfed00000\u001b[K\u001b[8;25H[    0.000000] smpboot: Allowing 1 CPUs, 0 hotplug CPUs\u001b[K\u001b[9;25H[    0.000000] PM: Registered nosave memory: [mem 0x00000000-0x00000fff]\u001b[K\u001b[10;25H[    0.000000] PM: Registered nosave memory: [mem 0x0009f000-0x0009ffff]\u001b[K\u001b[11;25H[    0.000000] PM: Registered nosave memory: [mem 0x000a0000-0x000effff]\u001b[K\u001b[12;25H[    0.000000] PM: Registered nosave memory: [mem 0x000f0000-0x000fffff]\u001b[K\u001b[13;25H[    0.000000] e820: [mem 0x40000000-0xfeffbfff] available for PCI devices\u001b[K\u001b[14;25H[    0.000000] Booting paravirtualized kernel on KVM\u001b[K\u001b[15;25H[    0.000000] clocksource: refined-jiffies: mask: 0xffffffff max_cycles: 0xffffffff, ma\u001b[16;25Hx_idle_ns: 7645519600211568 ns\u001b[K\u001b[17;25H[    0.000000] random: get_random_bytes called from start_kernel+0x99/0x4fd with crng_in\u001b[18;25Hit=0\u001b[K\u001b[19;25H[    0.000000] setup_percpu: NR_CPUS:8192 nr_cpumask_bits:1 nr_cpu_ids:1 nr_node_ids:1\u001b[K\u001b[20;25H[    0.000000] percpu: Embedded 45 pages/cpu s147456 r819"]
[19.449647, "o", "2 d28672 u2097152\u001b[K\u001b[21;25H[    0.000000] KVM setup async PF for cpu 0\u001b[K\u001b[22;25H[    0.000000] kvm-stealtime: cpu 0, msr 3fc23040\u001b[K\u001b[23;25H[    0.000000] PV qspinlock hash table entries: 256 (order: 0, 4096 bytes)\u001b[K\u001b[24;25H[    0.000000] Built 1 zonelists, mobility grouping on.  Total pages: 257897\u001b[K\u001b[25;25H[    0.000000] Policy zone: DMA32\u001b[K\u001b[26;25H[    0.000000] Kernel command line: BOOT_IMAGE=/casper/vmlinuz boot=casper net.ifnames=0\u001b[27;25H biosdevname=0 hostname=bitscout-host username=user initrd=/casper/initrd.gz noeject nop\u001b[28;25Hrompt console=tty0 console=ttyS0,115200 vga=791 --\u001b[K\u001b[29;25H[    0.000000] Me\u001b[K\u001b[?12l\u001b[?25hmory: 952952K/1048056"]
[19.449819, "o", "K available (12"]
[19.449881, "o", "300K "]
[19.450025, "o", "kernel code, "]
[19.450192, "o", "2481K rwdat"]
[19.450402, "o", "\u001b[?25l\u001b[7;25H[    0.000000] smpboot: Allowing 1 CPUs, 0 hotplug CPUs\u001b[K\u001b[8;25H[    0.000000] PM: Registered nosave memory: [mem 0x00000000-0x00000fff]\u001b[K\u001b[9;25H[    0.000000] PM: Registered nosave memory: [mem 0x0009f000-0x0009ffff]\u001b[K\u001b[10;25H[    0.000000] PM: Registered nosave memory: [mem 0x000a0000-0x000effff]\u001b[K\u001b[11;25H[    0.000000] PM: Registered nosave memory: [mem 0x000f0000-0x000fffff]\u001b[K\u001b[12;25H[    0.000000] e820: [mem 0x40000000-0xfeffbfff] available for PCI devices\u001b[K\u001b[13;25H[    0.000000] Booting paravirtualized kernel on KVM\u001b[K\u001b[14;25H[    0.000000] clocksource: refined-jiffies: mask: 0xffffffff max_cycles: 0xffffffff, ma\u001b[15;25Hx_idle_ns: 7645519600211568 ns\u001b[K\u001b[16;25H[    0.000000] random: get_random_bytes called from start_kernel+0x99/0x4fd with crng_in\u001b[17;25Hit=0\u001b[K\u001b[18;25H[    0.000000] setup_percpu: NR_CPUS:8192 nr_cpumask_bits:1 nr_cpu_ids:1 nr_node_ids:1\u001b[K\u001b[19;25H[    0.000000] percpu: Embedded 45 pages/cpu s147456 r8192 d28672 u2097152\u001b[K\u001b[20;25H[    0.000000] KVM setup async PF for"]
[19.450445, "o", " cpu 0\u001b[K\u001b[21;25H[    0.000000] kvm-stealtime: cpu 0, msr 3fc23040\u001b[K\u001b[22;25H[    0.000000] PV qspinlock hash table entries: 256 (order: 0, 4096 bytes)\u001b[K\u001b[23;25H[    0.000000] Built 1 zonelists, mobility grouping on.  Total pages: 257897\u001b[K\u001b[24;25H[    0.000000] Policy zone: DMA32\u001b[K\u001b[25;25H[    0.000000] Kernel command line: BOOT_IMAGE=/casper/vmlinuz boot=casper net.ifnames=0\u001b[26;25H biosdevname=0 hostname=bitscout-host username=user initrd=/casper/initrd.gz noeject nop\u001b[27;25Hrompt console=tty0 console=ttyS0,115200 vga=791 --\u001b[K\u001b[28;25H[    0.000000] Memory: 952952K/1048056K available (12300K kernel code, 2481K rwdata, 426\u001b[29;25H4K roda\u001b[K\u001b[?12l\u001b[?25ht"]
[19.450558, "o", "a, 2428K init, 2"]
[19.450678, "o", "712K bss,"]
[19.450797, "o", " 9510"]
[19.450897, "o", "4K rese"]
[19.451027, "o", "rved, 0K cma-res"]
[19.451214, "o", "\u001b[?25l\u001b[7;25H[    0.000000] PM: Registered nosave memory: [mem 0x00000000-0x00000fff]\u001b[K\u001b[8;25H[    0.000000] PM: Registered nosave memory: [mem 0x0009f000-0x0009ffff]\u001b[K\u001b[9;25H[    0.000000] PM: Registered nosave memory: [mem 0x000a0000-0x000effff]\u001b[K\u001b[10;25H[    0.000000] PM: Registered nosave memory: [mem 0x000f0000-0x000fffff]\u001b[K\u001b[11;25H[    0.000000] e820: [mem 0x40000000-0xfeffbfff] available for PCI devices\u001b[K\u001b[12;25H[    0.000000] Booting paravirtualized kernel on KVM\u001b[K\u001b[13;25H[    0.000000] clocksource: refined-jiffies: mask: 0xffffffff max_cycles: 0xffffffff, ma\u001b[14;25Hx_idle_ns: 7645519600211568 ns\u001b[K\u001b[15;25H[    0.000000] random: get_random_bytes called from start_kernel+0x99/0x4fd with crng_in\u001b[16;25Hit=0\u001b[K\u001b[17;25H[    0.000000] setup_percpu: NR_CPUS:8192 nr_cpumask_bits:1 nr_cpu_ids:1 nr_node_ids:1\u001b[K\u001b[18;25H[    0.000000] percpu: Embedded 45 pages/cpu s147456 r8192 d28672 u2097152\u001b[K\u001b[19;25H[    0.000000] KVM setup async PF for cpu 0\u001b[K\u001b[20;25H[    0.000000] kvm-stealtime: cpu 0, msr 3fc23040"]
[19.451247, "o", "\u001b[K\u001b[21;25H[    0.000000] PV qspinlock hash table entries: 256 (order: 0, 4096 bytes)\u001b[K\u001b[22;25H[    0.000000] Built 1 zonelists, mobility grouping on.  Total pages: 257897\u001b[K\u001b[23;25H[    0.000000] Policy zone: DMA32\u001b[K\u001b[24;25H[    0.000000] Kernel command line: BOOT_IMAGE=/casper/vmlinuz boot=casper net.ifnames=0\u001b[25;25H biosdevname=0 hostname=bitscout-host username=user initrd=/casper/initrd.gz noeject nop\u001b[26;25Hrompt console=tty0 console=ttyS0,115200 vga=791 --\u001b[K\u001b[27;25H[    0.000000] Memory: 952952K/1048056K available (12300K kernel code, 2481K rwdata, 426\u001b[28;25H4K rodata, 2428K init, 2712K bss, 95104K reserved, 0K cma-reserved)\u001b[K\u001b[29;25H[\u001b[K\u001b[C\u001b[?12l\u001b[?25h"]
[19.45135, "o", "   0.000000]"]
[19.451532, "o", " SLUB: HWalign="]
[19.451563, "o", "64, O"]
[19.451677, "o", "r"]
